Archive member included to satisfy reference by file (symbol)

../entrega2_bsp//libhal_bsp.a(alt_load.o)
                              ../entrega2_bsp//obj/HAL/src/crt0.o (alt_load)
../entrega2_bsp//libhal_bsp.a(alt_main.o)
                              ../entrega2_bsp//obj/HAL/src/crt0.o (alt_main)
../entrega2_bsp//libhal_bsp.a(alt_usleep.o)
                              obj/default/hello_world.o (usleep)
../entrega2_bsp//libhal_bsp.a(alt_sys_init.o)
                              ../entrega2_bsp//libhal_bsp.a(alt_main.o) (alt_irq_init)
../entrega2_bsp//libhal_bsp.a(altera_avalon_jtag_uart_fd.o)
                              ../entrega2_bsp//libhal_bsp.a(alt_sys_init.o) (altera_avalon_jtag_uart_read_fd)
../entrega2_bsp//libhal_bsp.a(altera_avalon_jtag_uart_init.o)
                              ../entrega2_bsp//libhal_bsp.a(alt_sys_init.o) (altera_avalon_jtag_uart_init)
../entrega2_bsp//libhal_bsp.a(altera_avalon_jtag_uart_ioctl.o)
                              ../entrega2_bsp//libhal_bsp.a(altera_avalon_jtag_uart_fd.o) (altera_avalon_jtag_uart_ioctl)
../entrega2_bsp//libhal_bsp.a(altera_avalon_jtag_uart_read.o)
                              ../entrega2_bsp//libhal_bsp.a(altera_avalon_jtag_uart_fd.o) (altera_avalon_jtag_uart_read)
../entrega2_bsp//libhal_bsp.a(altera_avalon_jtag_uart_write.o)
                              ../entrega2_bsp//libhal_bsp.a(altera_avalon_jtag_uart_fd.o) (altera_avalon_jtag_uart_write)
../entrega2_bsp//libhal_bsp.a(alt_alarm_start.o)
                              ../entrega2_bsp//libhal_bsp.a(altera_avalon_jtag_uart_init.o) (alt_alarm_start)
../entrega2_bsp//libhal_bsp.a(alt_busy_sleep.o)
                              ../entrega2_bsp//libhal_bsp.a(alt_usleep.o) (alt_busy_sleep)
../entrega2_bsp//libhal_bsp.a(alt_close.o)
                              ../entrega2_bsp//libhal_bsp.a(alt_main.o) (close)
../entrega2_bsp//libhal_bsp.a(alt_dcache_flush_all.o)
                              ../entrega2_bsp//libhal_bsp.a(alt_load.o) (alt_dcache_flush_all)
../entrega2_bsp//libhal_bsp.a(alt_dev.o)
                              ../entrega2_bsp//libhal_bsp.a(alt_sys_init.o) (alt_dev_list)
../entrega2_bsp//libhal_bsp.a(alt_dev_llist_insert.o)
                              ../entrega2_bsp//libhal_bsp.a(alt_sys_init.o) (alt_dev_llist_insert)
../entrega2_bsp//libhal_bsp.a(alt_do_ctors.o)
                              ../entrega2_bsp//libhal_bsp.a(alt_main.o) (_do_ctors)
../entrega2_bsp//libhal_bsp.a(alt_do_dtors.o)
                              ../entrega2_bsp//libhal_bsp.a(alt_main.o) (_do_dtors)
../entrega2_bsp//libhal_bsp.a(alt_errno.o)
                              ../entrega2_bsp//libhal_bsp.a(alt_close.o) (alt_errno)
../entrega2_bsp//libhal_bsp.a(alt_icache_flush_all.o)
                              ../entrega2_bsp//libhal_bsp.a(alt_load.o) (alt_icache_flush_all)
../entrega2_bsp//libhal_bsp.a(alt_iic.o)
                              ../entrega2_bsp//libhal_bsp.a(altera_avalon_jtag_uart_init.o) (alt_ic_isr_register)
../entrega2_bsp//libhal_bsp.a(alt_iic_isr_register.o)
                              ../entrega2_bsp//libhal_bsp.a(alt_iic.o) (alt_iic_isr_register)
../entrega2_bsp//libhal_bsp.a(alt_io_redirect.o)
                              ../entrega2_bsp//libhal_bsp.a(alt_main.o) (alt_io_redirect)
../entrega2_bsp//libhal_bsp.a(alt_irq_entry.o)
                              ../entrega2_bsp//libhal_bsp.a(alt_iic_isr_register.o) (alt_irq_entry)
../entrega2_bsp//libhal_bsp.a(alt_irq_handler.o)
                              ../entrega2_bsp//libhal_bsp.a(alt_iic_isr_register.o) (alt_irq)
../entrega2_bsp//libhal_bsp.a(alt_irq_vars.o)
                              ../entrega2_bsp//libhal_bsp.a(alt_iic.o) (alt_irq_active)
../entrega2_bsp//libhal_bsp.a(alt_open.o)
                              ../entrega2_bsp//libhal_bsp.a(alt_io_redirect.o) (open)
../entrega2_bsp//libhal_bsp.a(alt_release_fd.o)
                              ../entrega2_bsp//libhal_bsp.a(alt_close.o) (alt_release_fd)
../entrega2_bsp//libhal_bsp.a(alt_tick.o)
                              ../entrega2_bsp//libhal_bsp.a(altera_avalon_jtag_uart_init.o) (_alt_tick_rate)
../entrega2_bsp//libhal_bsp.a(altera_nios2_gen2_irq.o)
                              ../entrega2_bsp//libhal_bsp.a(alt_sys_init.o) (altera_nios2_gen2_irq_init)
../entrega2_bsp//libhal_bsp.a(alt_exception_entry.o)
                              ../entrega2_bsp//libhal_bsp.a(alt_irq_entry.o) (alt_exception)
../entrega2_bsp//libhal_bsp.a(alt_find_dev.o)
                              ../entrega2_bsp//libhal_bsp.a(alt_open.o) (alt_find_dev)
../entrega2_bsp//libhal_bsp.a(alt_find_file.o)
                              ../entrega2_bsp//libhal_bsp.a(alt_open.o) (alt_find_file)
../entrega2_bsp//libhal_bsp.a(alt_get_fd.o)
                              ../entrega2_bsp//libhal_bsp.a(alt_open.o) (alt_get_fd)
../entrega2_bsp//libhal_bsp.a(alt_icache_flush.o)
                              ../entrega2_bsp//libhal_bsp.a(alt_icache_flush_all.o) (alt_icache_flush)
../entrega2_bsp//libhal_bsp.a(alt_instruction_exception_entry.o)
                              ../entrega2_bsp//libhal_bsp.a(alt_exception_entry.o) (alt_instruction_exception_entry)
/home/labarqcomp/intelFPGA/18.1/nios2eds/bin/gnu/H-x86_64-pc-linux-gnu/bin/../lib/gcc/nios2-elf/5.3.0/../../../../../H-x86_64-pc-linux-gnu/nios2-elf/lib/libc.a(lib_a-atexit.o)
                              ../entrega2_bsp//libhal_bsp.a(alt_main.o) (atexit)
/home/labarqcomp/intelFPGA/18.1/nios2eds/bin/gnu/H-x86_64-pc-linux-gnu/bin/../lib/gcc/nios2-elf/5.3.0/../../../../../H-x86_64-pc-linux-gnu/nios2-elf/lib/libc.a(lib_a-exit.o)
                              ../entrega2_bsp//libhal_bsp.a(alt_main.o) (exit)
/home/labarqcomp/intelFPGA/18.1/nios2eds/bin/gnu/H-x86_64-pc-linux-gnu/bin/../lib/gcc/nios2-elf/5.3.0/../../../../../H-x86_64-pc-linux-gnu/nios2-elf/lib/libc.a(lib_a-impure.o)
                              /home/labarqcomp/intelFPGA/18.1/nios2eds/bin/gnu/H-x86_64-pc-linux-gnu/bin/../lib/gcc/nios2-elf/5.3.0/../../../../../H-x86_64-pc-linux-gnu/nios2-elf/lib/libc.a(lib_a-exit.o) (_global_impure_ptr)
/home/labarqcomp/intelFPGA/18.1/nios2eds/bin/gnu/H-x86_64-pc-linux-gnu/bin/../lib/gcc/nios2-elf/5.3.0/../../../../../H-x86_64-pc-linux-gnu/nios2-elf/lib/libc.a(lib_a-int_errno.o)
                              ../entrega2_bsp//libhal_bsp.a(alt_close.o) (errno)
/home/labarqcomp/intelFPGA/18.1/nios2eds/bin/gnu/H-x86_64-pc-linux-gnu/bin/../lib/gcc/nios2-elf/5.3.0/../../../../../H-x86_64-pc-linux-gnu/nios2-elf/lib/libc.a(lib_a-memcmp.o)
                              ../entrega2_bsp//libhal_bsp.a(alt_find_dev.o) (memcmp)
/home/labarqcomp/intelFPGA/18.1/nios2eds/bin/gnu/H-x86_64-pc-linux-gnu/bin/../lib/gcc/nios2-elf/5.3.0/../../../../../H-x86_64-pc-linux-gnu/nios2-elf/lib/libc.a(lib_a-memcpy.o)
                              ../entrega2_bsp//libhal_bsp.a(altera_avalon_jtag_uart_read.o) (memcpy)
/home/labarqcomp/intelFPGA/18.1/nios2eds/bin/gnu/H-x86_64-pc-linux-gnu/bin/../lib/gcc/nios2-elf/5.3.0/../../../../../H-x86_64-pc-linux-gnu/nios2-elf/lib/libc.a(lib_a-strlen.o)
                              ../entrega2_bsp//libhal_bsp.a(alt_find_dev.o) (strlen)
/home/labarqcomp/intelFPGA/18.1/nios2eds/bin/gnu/H-x86_64-pc-linux-gnu/bin/../lib/gcc/nios2-elf/5.3.0/../../../../../H-x86_64-pc-linux-gnu/nios2-elf/lib/libc.a(lib_a-__atexit.o)
                              /home/labarqcomp/intelFPGA/18.1/nios2eds/bin/gnu/H-x86_64-pc-linux-gnu/bin/../lib/gcc/nios2-elf/5.3.0/../../../../../H-x86_64-pc-linux-gnu/nios2-elf/lib/libc.a(lib_a-atexit.o) (__register_exitproc)
/home/labarqcomp/intelFPGA/18.1/nios2eds/bin/gnu/H-x86_64-pc-linux-gnu/bin/../lib/gcc/nios2-elf/5.3.0/../../../../../H-x86_64-pc-linux-gnu/nios2-elf/lib/libc.a(lib_a-__call_atexit.o)
                              /home/labarqcomp/intelFPGA/18.1/nios2eds/bin/gnu/H-x86_64-pc-linux-gnu/bin/../lib/gcc/nios2-elf/5.3.0/../../../../../H-x86_64-pc-linux-gnu/nios2-elf/lib/libc.a(lib_a-exit.o) (__call_exitprocs)
/home/labarqcomp/intelFPGA/18.1/nios2eds/bin/gnu/H-x86_64-pc-linux-gnu/bin/../lib/gcc/nios2-elf/5.3.0/libgcc.a(lib2-divmod.o)
                              ../entrega2_bsp//libhal_bsp.a(alt_busy_sleep.o) (__udivsi3)
../entrega2_bsp//libhal_bsp.a(alt_exit.o)
                              /home/labarqcomp/intelFPGA/18.1/nios2eds/bin/gnu/H-x86_64-pc-linux-gnu/bin/../lib/gcc/nios2-elf/5.3.0/../../../../../H-x86_64-pc-linux-gnu/nios2-elf/lib/libc.a(lib_a-exit.o) (_exit)

Allocating common symbols
Common symbol       size              file

alt_irq             0x100             ../entrega2_bsp//libhal_bsp.a(alt_irq_handler.o)
errno               0x4               /home/labarqcomp/intelFPGA/18.1/nios2eds/bin/gnu/H-x86_64-pc-linux-gnu/bin/../lib/gcc/nios2-elf/5.3.0/../../../../../H-x86_64-pc-linux-gnu/nios2-elf/lib/libc.a(lib_a-int_errno.o)

Memory Configuration

Name             Origin             Length             Attributes
reset            0x0000000000020000 0x0000000000000020
onchip_memory2_0 0x0000000000020020 0x000000000001f3e0
*default*        0x0000000000000000 0xffffffffffffffff

Linker script and memory map

LOAD ../entrega2_bsp//obj/HAL/src/crt0.o
LOAD obj/default/hello_world.o
LOAD /home/labarqcomp/intelFPGA/18.1/nios2eds/bin/gnu/H-x86_64-pc-linux-gnu/bin/../lib/gcc/nios2-elf/5.3.0/../../../../../H-x86_64-pc-linux-gnu/nios2-elf/lib/libstdc++.a
LOAD /home/labarqcomp/intelFPGA/18.1/nios2eds/bin/gnu/H-x86_64-pc-linux-gnu/bin/../lib/gcc/nios2-elf/5.3.0/../../../../../H-x86_64-pc-linux-gnu/nios2-elf/lib/libm.a
LOAD /home/labarqcomp/intelFPGA/18.1/nios2eds/bin/gnu/H-x86_64-pc-linux-gnu/bin/../lib/gcc/nios2-elf/5.3.0/libgcc.a
START GROUP
LOAD /home/labarqcomp/intelFPGA/18.1/nios2eds/bin/gnu/H-x86_64-pc-linux-gnu/bin/../lib/gcc/nios2-elf/5.3.0/../../../../../H-x86_64-pc-linux-gnu/nios2-elf/lib/libc.a
LOAD /home/labarqcomp/intelFPGA/18.1/nios2eds/bin/gnu/H-x86_64-pc-linux-gnu/bin/../lib/gcc/nios2-elf/5.3.0/libgcc.a
LOAD ../entrega2_bsp//libhal_bsp.a
LOAD /home/labarqcomp/intelFPGA/18.1/nios2eds/bin/gnu/H-x86_64-pc-linux-gnu/bin/../lib/gcc/nios2-elf/5.3.0/../../../../../H-x86_64-pc-linux-gnu/nios2-elf/lib/libm.a
END GROUP
LOAD /home/labarqcomp/intelFPGA/18.1/nios2eds/bin/gnu/H-x86_64-pc-linux-gnu/bin/../lib/gcc/nios2-elf/5.3.0/libgcc.a
                0x0000000000020000                __alt_mem_onchip_memory2_0 = 0x20000

.entry          0x0000000000020000       0x20
 *(.entry)
 .entry         0x0000000000020000       0x20 ../entrega2_bsp//obj/HAL/src/crt0.o
                0x0000000000020000                __reset

.exceptions     0x0000000000020020      0x224
                0x0000000000020020                PROVIDE (__ram_exceptions_start, ABSOLUTE (.))
                0x0000000000020020                . = ALIGN (0x20)
 *(.irq)
 *(.exceptions.entry.label)
 .exceptions.entry.label
                0x0000000000020020        0x0 ../entrega2_bsp//libhal_bsp.a(alt_irq_entry.o)
                0x0000000000020020                alt_irq_entry
 .exceptions.entry.label
                0x0000000000020020        0x0 ../entrega2_bsp//libhal_bsp.a(alt_exception_entry.o)
                0x0000000000020020                alt_exception
 *(.exceptions.entry.user)
 *(.exceptions.entry.ecc_fatal)
 *(.exceptions.entry)
 .exceptions.entry
                0x0000000000020020       0x54 ../entrega2_bsp//libhal_bsp.a(alt_exception_entry.o)
 *(.exceptions.irqtest.user)
 *(.exceptions.irqtest)
 .exceptions.irqtest
                0x0000000000020074       0x10 ../entrega2_bsp//libhal_bsp.a(alt_irq_entry.o)
 *(.exceptions.irqhandler.user)
 *(.exceptions.irqhandler)
 .exceptions.irqhandler
                0x0000000000020084        0x4 ../entrega2_bsp//libhal_bsp.a(alt_irq_entry.o)
 *(.exceptions.irqreturn.user)
 *(.exceptions.irqreturn)
 .exceptions.irqreturn
                0x0000000000020088        0x4 ../entrega2_bsp//libhal_bsp.a(alt_irq_entry.o)
 *(.exceptions.notirq.label)
 .exceptions.notirq.label
                0x000000000002008c        0x0 ../entrega2_bsp//libhal_bsp.a(alt_irq_entry.o)
 *(.exceptions.notirq.user)
 *(.exceptions.notirq)
 .exceptions.notirq
                0x000000000002008c        0x8 ../entrega2_bsp//libhal_bsp.a(alt_exception_entry.o)
 *(.exceptions.soft.user)
 *(.exceptions.soft)
 *(.exceptions.unknown.user)
 *(.exceptions.unknown)
 .exceptions.unknown
                0x0000000000020094       0x14 ../entrega2_bsp//libhal_bsp.a(alt_exception_entry.o)
 *(.exceptions.exit.label)
 .exceptions.exit.label
                0x00000000000200a8        0x0 ../entrega2_bsp//libhal_bsp.a(alt_irq_entry.o)
 .exceptions.exit.label
                0x00000000000200a8        0x0 ../entrega2_bsp//libhal_bsp.a(alt_exception_entry.o)
 *(.exceptions.exit.user)
 *(.exceptions.exit)
 .exceptions.exit
                0x00000000000200a8       0x54 ../entrega2_bsp//libhal_bsp.a(alt_exception_entry.o)
 *(.exceptions)
 .exceptions    0x00000000000200fc       0xd4 ../entrega2_bsp//libhal_bsp.a(alt_irq_handler.o)
                0x00000000000200fc                alt_irq_handler
 .exceptions    0x00000000000201d0       0x74 ../entrega2_bsp//libhal_bsp.a(alt_instruction_exception_entry.o)
                0x00000000000201d0                alt_instruction_exception_entry
                0x0000000000020244                PROVIDE (__ram_exceptions_end, ABSOLUTE (.))
                0x0000000000020020                PROVIDE (__flash_exceptions_start, LOADADDR (.exceptions))

.text           0x0000000000020244     0x2660
                [!provide]                        PROVIDE (stext, ABSOLUTE (.))
 *(.interp)
 *(.hash)
 *(.dynsym)
 *(.dynstr)
 *(.gnu.version)
 *(.gnu.version_d)
 *(.gnu.version_r)
 *(.rel.init)
 *(.rela.init)
 *(.rel.text .rel.text.* .rel.gnu.linkonce.t.*)
 *(.rela.text .rela.text.* .rela.gnu.linkonce.t.*)
 *(.rel.fini)
 *(.rela.fini)
 *(.rel.rodata .rel.rodata.* .rel.gnu.linkonce.r.*)
 *(.rela.rodata .rela.rodata.* .rela.gnu.linkonce.r.*)
 *(.rel.data .rel.data.* .rel.gnu.linkonce.d.*)
 *(.rela.data .rela.data.* .rela.gnu.linkonce.d.*)
 *(.rel.tdata .rel.tdata.* .rel.gnu.linkonce.td.*)
 *(.rela.tdata .rela.tdata.* .rela.gnu.linkonce.td.*)
 *(.rel.tbss .rel.tbss.* .rel.gnu.linkonce.tb.*)
 *(.rela.tbss .rela.tbss.* .rela.gnu.linkonce.tb.*)
 *(.rel.ctors)
 *(.rela.ctors)
 *(.rel.dtors)
 *(.rela.dtors)
 *(.rel.got)
 *(.rela.got)
 *(.rel.sdata .rel.sdata.* .rel.gnu.linkonce.s.*)
 *(.rela.sdata .rela.sdata.* .rela.gnu.linkonce.s.*)
 *(.rel.sbss .rel.sbss.* .rel.gnu.linkonce.sb.*)
 *(.rela.sbss .rela.sbss.* .rela.gnu.linkonce.sb.*)
 *(.rel.sdata2 .rel.sdata2.* .rel.gnu.linkonce.s2.*)
 *(.rela.sdata2 .rela.sdata2.* .rela.gnu.linkonce.s2.*)
 *(.rel.sbss2 .rel.sbss2.* .rel.gnu.linkonce.sb2.*)
 *(.rela.sbss2 .rela.sbss2.* .rela.gnu.linkonce.sb2.*)
 *(.rel.bss .rel.bss.* .rel.gnu.linkonce.b.*)
 *(.rela.bss .rela.bss.* .rela.gnu.linkonce.b.*)
 *(.rel.plt)
 *(.rela.plt)
 *(.rel.dyn)
 *(.init)
 *(.plt)
 *(.text .stub .text.* .gnu.linkonce.t.*)
 .text          0x0000000000020244       0x4c ../entrega2_bsp//obj/HAL/src/crt0.o
                0x0000000000020244                _start
 .text          0x0000000000020290       0x98 obj/default/hello_world.o
                0x0000000000020290                delay
                0x00000000000202d4                main
 .text          0x0000000000020328       0xec ../entrega2_bsp//libhal_bsp.a(alt_load.o)
                0x0000000000020390                alt_load
 .text          0x0000000000020414       0x7c ../entrega2_bsp//libhal_bsp.a(alt_main.o)
                0x0000000000020414                alt_main
 .text          0x0000000000020490       0x30 ../entrega2_bsp//libhal_bsp.a(alt_usleep.o)
                0x0000000000020490                usleep
 .text          0x00000000000204c0       0xb4 ../entrega2_bsp//libhal_bsp.a(alt_sys_init.o)
                0x00000000000204f4                alt_irq_init
                0x000000000002052c                alt_sys_init
 .text          0x0000000000020574      0x164 ../entrega2_bsp//libhal_bsp.a(altera_avalon_jtag_uart_fd.o)
                0x0000000000020574                altera_avalon_jtag_uart_read_fd
                0x00000000000205d4                altera_avalon_jtag_uart_write_fd
                0x0000000000020634                altera_avalon_jtag_uart_close_fd
                0x0000000000020684                altera_avalon_jtag_uart_ioctl_fd
 .text          0x00000000000206d8      0x3d4 ../entrega2_bsp//libhal_bsp.a(altera_avalon_jtag_uart_init.o)
                0x00000000000206d8                altera_avalon_jtag_uart_init
                0x0000000000020a44                altera_avalon_jtag_uart_close
 .text          0x0000000000020aac       0xf0 ../entrega2_bsp//libhal_bsp.a(altera_avalon_jtag_uart_ioctl.o)
                0x0000000000020aac                altera_avalon_jtag_uart_ioctl
 .text          0x0000000000020b9c      0x21c ../entrega2_bsp//libhal_bsp.a(altera_avalon_jtag_uart_read.o)
                0x0000000000020b9c                altera_avalon_jtag_uart_read
 .text          0x0000000000020db8      0x224 ../entrega2_bsp//libhal_bsp.a(altera_avalon_jtag_uart_write.o)
                0x0000000000020db8                altera_avalon_jtag_uart_write
 .text          0x0000000000020fdc      0x12c ../entrega2_bsp//libhal_bsp.a(alt_alarm_start.o)
                0x0000000000020fdc                alt_alarm_start
 .text          0x0000000000021108      0x158 ../entrega2_bsp//libhal_bsp.a(alt_busy_sleep.o)
                0x0000000000021108                alt_busy_sleep
 .text          0x0000000000021260      0x10c ../entrega2_bsp//libhal_bsp.a(alt_close.o)
                0x000000000002129c                close
 .text          0x000000000002136c       0x48 ../entrega2_bsp//libhal_bsp.a(alt_dcache_flush_all.o)
                0x000000000002136c                alt_dcache_flush_all
 .text          0x00000000000213b4       0x2c ../entrega2_bsp//libhal_bsp.a(alt_dev.o)
 .text          0x00000000000213e0       0xe0 ../entrega2_bsp//libhal_bsp.a(alt_dev_llist_insert.o)
                0x000000000002141c                alt_dev_llist_insert
 .text          0x00000000000214c0       0x60 ../entrega2_bsp//libhal_bsp.a(alt_do_ctors.o)
                0x00000000000214c0                _do_ctors
 .text          0x0000000000021520       0x60 ../entrega2_bsp//libhal_bsp.a(alt_do_dtors.o)
                0x0000000000021520                _do_dtors
 .text          0x0000000000021580        0x0 ../entrega2_bsp//libhal_bsp.a(alt_errno.o)
 .text          0x0000000000021580       0x34 ../entrega2_bsp//libhal_bsp.a(alt_icache_flush_all.o)
                0x0000000000021580                alt_icache_flush_all
 .text          0x00000000000215b4      0x1b0 ../entrega2_bsp//libhal_bsp.a(alt_iic.o)
                0x00000000000215b4                alt_ic_isr_register
                0x0000000000021604                alt_ic_irq_enable
                0x000000000002168c                alt_ic_irq_disable
                0x0000000000021718                alt_ic_irq_enabled
 .text          0x0000000000021764       0xf0 ../entrega2_bsp//libhal_bsp.a(alt_iic_isr_register.o)
                0x0000000000021764                alt_iic_isr_register
 .text          0x0000000000021854      0x140 ../entrega2_bsp//libhal_bsp.a(alt_io_redirect.o)
                0x0000000000021918                alt_io_redirect
 .text          0x0000000000021994        0x0 ../entrega2_bsp//libhal_bsp.a(alt_irq_entry.o)
 .text          0x0000000000021994        0x0 ../entrega2_bsp//libhal_bsp.a(alt_irq_handler.o)
 .text          0x0000000000021994        0x0 ../entrega2_bsp//libhal_bsp.a(alt_irq_vars.o)
 .text          0x0000000000021994      0x254 ../entrega2_bsp//libhal_bsp.a(alt_open.o)
                0x0000000000021a94                open
 .text          0x0000000000021be8       0x64 ../entrega2_bsp//libhal_bsp.a(alt_release_fd.o)
                0x0000000000021be8                alt_release_fd
 .text          0x0000000000021c4c      0x1a4 ../entrega2_bsp//libhal_bsp.a(alt_tick.o)
                0x0000000000021c4c                alt_alarm_stop
                0x0000000000021ce8                alt_tick
 .text          0x0000000000021df0       0x24 ../entrega2_bsp//libhal_bsp.a(altera_nios2_gen2_irq.o)
                0x0000000000021df0                altera_nios2_gen2_irq_init
 .text          0x0000000000021e14        0x0 ../entrega2_bsp//libhal_bsp.a(alt_exception_entry.o)
 .text          0x0000000000021e14       0x90 ../entrega2_bsp//libhal_bsp.a(alt_find_dev.o)
                0x0000000000021e14                alt_find_dev
 .text          0x0000000000021ea4      0x108 ../entrega2_bsp//libhal_bsp.a(alt_find_file.o)
                0x0000000000021ea4                alt_find_file
 .text          0x0000000000021fac       0xa4 ../entrega2_bsp//libhal_bsp.a(alt_get_fd.o)
                0x0000000000021fac                alt_get_fd
 .text          0x0000000000022050       0x90 ../entrega2_bsp//libhal_bsp.a(alt_icache_flush.o)
                0x0000000000022050                alt_icache_flush
 .text          0x00000000000220e0       0x9c ../entrega2_bsp//libhal_bsp.a(alt_instruction_exception_entry.o)
                0x00000000000220e0                alt_exception_cause_generated_bad_addr
 .text          0x000000000002217c        0x0 /home/labarqcomp/intelFPGA/18.1/nios2eds/bin/gnu/H-x86_64-pc-linux-gnu/bin/../lib/gcc/nios2-elf/5.3.0/../../../../../H-x86_64-pc-linux-gnu/nios2-elf/lib/libc.a(lib_a-atexit.o)
 .text.atexit   0x000000000002217c       0x14 /home/labarqcomp/intelFPGA/18.1/nios2eds/bin/gnu/H-x86_64-pc-linux-gnu/bin/../lib/gcc/nios2-elf/5.3.0/../../../../../H-x86_64-pc-linux-gnu/nios2-elf/lib/libc.a(lib_a-atexit.o)
                0x000000000002217c                atexit
 .text          0x0000000000022190        0x0 /home/labarqcomp/intelFPGA/18.1/nios2eds/bin/gnu/H-x86_64-pc-linux-gnu/bin/../lib/gcc/nios2-elf/5.3.0/../../../../../H-x86_64-pc-linux-gnu/nios2-elf/lib/libc.a(lib_a-exit.o)
 .text.exit     0x0000000000022190       0x38 /home/labarqcomp/intelFPGA/18.1/nios2eds/bin/gnu/H-x86_64-pc-linux-gnu/bin/../lib/gcc/nios2-elf/5.3.0/../../../../../H-x86_64-pc-linux-gnu/nios2-elf/lib/libc.a(lib_a-exit.o)
                0x0000000000022190                exit
 .text          0x00000000000221c8        0x0 /home/labarqcomp/intelFPGA/18.1/nios2eds/bin/gnu/H-x86_64-pc-linux-gnu/bin/../lib/gcc/nios2-elf/5.3.0/../../../../../H-x86_64-pc-linux-gnu/nios2-elf/lib/libc.a(lib_a-impure.o)
 .text          0x00000000000221c8        0x0 /home/labarqcomp/intelFPGA/18.1/nios2eds/bin/gnu/H-x86_64-pc-linux-gnu/bin/../lib/gcc/nios2-elf/5.3.0/../../../../../H-x86_64-pc-linux-gnu/nios2-elf/lib/libc.a(lib_a-int_errno.o)
 .text          0x00000000000221c8        0x0 /home/labarqcomp/intelFPGA/18.1/nios2eds/bin/gnu/H-x86_64-pc-linux-gnu/bin/../lib/gcc/nios2-elf/5.3.0/../../../../../H-x86_64-pc-linux-gnu/nios2-elf/lib/libc.a(lib_a-memcmp.o)
 .text.memcmp   0x00000000000221c8       0x7c /home/labarqcomp/intelFPGA/18.1/nios2eds/bin/gnu/H-x86_64-pc-linux-gnu/bin/../lib/gcc/nios2-elf/5.3.0/../../../../../H-x86_64-pc-linux-gnu/nios2-elf/lib/libc.a(lib_a-memcmp.o)
                0x00000000000221c8                memcmp
 .text          0x0000000000022244        0x0 /home/labarqcomp/intelFPGA/18.1/nios2eds/bin/gnu/H-x86_64-pc-linux-gnu/bin/../lib/gcc/nios2-elf/5.3.0/../../../../../H-x86_64-pc-linux-gnu/nios2-elf/lib/libc.a(lib_a-memcpy.o)
 .text.memcpy   0x0000000000022244      0x148 /home/labarqcomp/intelFPGA/18.1/nios2eds/bin/gnu/H-x86_64-pc-linux-gnu/bin/../lib/gcc/nios2-elf/5.3.0/../../../../../H-x86_64-pc-linux-gnu/nios2-elf/lib/libc.a(lib_a-memcpy.o)
                0x0000000000022244                memcpy
 .text          0x000000000002238c        0x0 /home/labarqcomp/intelFPGA/18.1/nios2eds/bin/gnu/H-x86_64-pc-linux-gnu/bin/../lib/gcc/nios2-elf/5.3.0/../../../../../H-x86_64-pc-linux-gnu/nios2-elf/lib/libc.a(lib_a-strlen.o)
 .text.strlen   0x000000000002238c       0x98 /home/labarqcomp/intelFPGA/18.1/nios2eds/bin/gnu/H-x86_64-pc-linux-gnu/bin/../lib/gcc/nios2-elf/5.3.0/../../../../../H-x86_64-pc-linux-gnu/nios2-elf/lib/libc.a(lib_a-strlen.o)
                0x000000000002238c                strlen
 .text          0x0000000000022424        0x0 /home/labarqcomp/intelFPGA/18.1/nios2eds/bin/gnu/H-x86_64-pc-linux-gnu/bin/../lib/gcc/nios2-elf/5.3.0/../../../../../H-x86_64-pc-linux-gnu/nios2-elf/lib/libc.a(lib_a-__atexit.o)
 .text.__register_exitproc
                0x0000000000022424      0x118 /home/labarqcomp/intelFPGA/18.1/nios2eds/bin/gnu/H-x86_64-pc-linux-gnu/bin/../lib/gcc/nios2-elf/5.3.0/../../../../../H-x86_64-pc-linux-gnu/nios2-elf/lib/libc.a(lib_a-__atexit.o)
                0x0000000000022424                __register_exitproc
 .text          0x000000000002253c        0x0 /home/labarqcomp/intelFPGA/18.1/nios2eds/bin/gnu/H-x86_64-pc-linux-gnu/bin/../lib/gcc/nios2-elf/5.3.0/../../../../../H-x86_64-pc-linux-gnu/nios2-elf/lib/libc.a(lib_a-__call_atexit.o)
 .text.__call_exitprocs
                0x000000000002253c      0x180 /home/labarqcomp/intelFPGA/18.1/nios2eds/bin/gnu/H-x86_64-pc-linux-gnu/bin/../lib/gcc/nios2-elf/5.3.0/../../../../../H-x86_64-pc-linux-gnu/nios2-elf/lib/libc.a(lib_a-__call_atexit.o)
                0x000000000002253c                __call_exitprocs
 .text          0x00000000000226bc      0x1b4 /home/labarqcomp/intelFPGA/18.1/nios2eds/bin/gnu/H-x86_64-pc-linux-gnu/bin/../lib/gcc/nios2-elf/5.3.0/libgcc.a(lib2-divmod.o)
                0x00000000000226bc                __divsi3
                0x0000000000022740                __modsi3
                0x00000000000227b4                __udivsi3
                0x0000000000022818                __umodsi3
 .text          0x0000000000022870       0x34 ../entrega2_bsp//libhal_bsp.a(alt_exit.o)
                0x0000000000022870                _exit
 *(.gnu.warning.*)
 *(.fini)
                [!provide]                        PROVIDE (__etext, ABSOLUTE (.))
                [!provide]                        PROVIDE (_etext, ABSOLUTE (.))
                [!provide]                        PROVIDE (etext, ABSOLUTE (.))
 *(.eh_frame_hdr)
                0x00000000000228a4                . = ALIGN (0x4)
                [!provide]                        PROVIDE (__preinit_array_start, ABSOLUTE (.))
 *(.preinit_array)
                [!provide]                        PROVIDE (__preinit_array_end, ABSOLUTE (.))
                [!provide]                        PROVIDE (__init_array_start, ABSOLUTE (.))
 *(.init_array)
                [!provide]                        PROVIDE (__init_array_end, ABSOLUTE (.))
                [!provide]                        PROVIDE (__fini_array_start, ABSOLUTE (.))
 *(.fini_array)
                [!provide]                        PROVIDE (__fini_array_end, ABSOLUTE (.))
 *(.eh_frame)
 *(.gcc_except_table .gcc_except_table.*)
 *(.dynamic)
                0x00000000000228a4                PROVIDE (__CTOR_LIST__, ABSOLUTE (.))
 *(.ctors)
 *(SORT(.ctors.*))
                0x00000000000228a4                PROVIDE (__CTOR_END__, ABSOLUTE (.))
                0x00000000000228a4                PROVIDE (__DTOR_LIST__, ABSOLUTE (.))
 *(.dtors)
 *(SORT(.dtors.*))
                0x00000000000228a4                PROVIDE (__DTOR_END__, ABSOLUTE (.))
 *(.jcr)
                0x00000000000228a4                . = ALIGN (0x4)

.rodata         0x00000000000228a4       0x38
                0x00000000000228a4                PROVIDE (__ram_rodata_start, ABSOLUTE (.))
                0x00000000000228a4                . = ALIGN (0x4)
 *(.rodata .rodata.* .gnu.linkonce.r.*)
 .rodata        0x00000000000228a4       0x11 ../entrega2_bsp//libhal_bsp.a(alt_main.o)
 *fill*         0x00000000000228b5        0x3 
 .rodata        0x00000000000228b8       0x11 ../entrega2_bsp//libhal_bsp.a(alt_sys_init.o)
 *fill*         0x00000000000228c9        0x3 
 .rodata        0x00000000000228cc        0xa ../entrega2_bsp//libhal_bsp.a(alt_dev.o)
 *fill*         0x00000000000228d6        0x2 
 .rodata.str1.4
                0x00000000000228d8        0x4 /home/labarqcomp/intelFPGA/18.1/nios2eds/bin/gnu/H-x86_64-pc-linux-gnu/bin/../lib/gcc/nios2-elf/5.3.0/../../../../../H-x86_64-pc-linux-gnu/nios2-elf/lib/libc.a(lib_a-impure.o)
                                          0x2 (size before relaxing)
 *(.rodata1)
                0x00000000000228dc                . = ALIGN (0x4)
                0x00000000000228dc                PROVIDE (__ram_rodata_end, ABSOLUTE (.))
                0x00000000000228a4                PROVIDE (__flash_rodata_start, LOADADDR (.rodata))

.rwdata         0x00000000000228dc     0x1658 load address 0x0000000000023f34
                0x00000000000228dc                PROVIDE (__ram_rwdata_start, ABSOLUTE (.))
                0x00000000000228dc                . = ALIGN (0x4)
 *(.got.plt)
 *(.got)
 *(.data1)
 *(.data .data.* .gnu.linkonce.d.*)
 .data          0x00000000000228dc        0x0 ../entrega2_bsp//obj/HAL/src/crt0.o
 .data          0x00000000000228dc        0x0 obj/default/hello_world.o
 .data          0x00000000000228dc        0x0 ../entrega2_bsp//libhal_bsp.a(alt_load.o)
 .data          0x00000000000228dc        0x0 ../entrega2_bsp//libhal_bsp.a(alt_main.o)
 .data          0x00000000000228dc        0x0 ../entrega2_bsp//libhal_bsp.a(alt_usleep.o)
 .data          0x00000000000228dc     0x1060 ../entrega2_bsp//libhal_bsp.a(alt_sys_init.o)
 .data          0x000000000002393c        0x0 ../entrega2_bsp//libhal_bsp.a(altera_avalon_jtag_uart_fd.o)
 .data          0x000000000002393c        0x0 ../entrega2_bsp//libhal_bsp.a(altera_avalon_jtag_uart_init.o)
 .data          0x000000000002393c        0x0 ../entrega2_bsp//libhal_bsp.a(altera_avalon_jtag_uart_ioctl.o)
 .data          0x000000000002393c        0x0 ../entrega2_bsp//libhal_bsp.a(altera_avalon_jtag_uart_read.o)
 .data          0x000000000002393c        0x0 ../entrega2_bsp//libhal_bsp.a(altera_avalon_jtag_uart_write.o)
 .data          0x000000000002393c        0x0 ../entrega2_bsp//libhal_bsp.a(alt_alarm_start.o)
 .data          0x000000000002393c        0x0 ../entrega2_bsp//libhal_bsp.a(alt_busy_sleep.o)
 .data          0x000000000002393c        0x0 ../entrega2_bsp//libhal_bsp.a(alt_close.o)
 .data          0x000000000002393c        0x0 ../entrega2_bsp//libhal_bsp.a(alt_dcache_flush_all.o)
 .data          0x000000000002393c      0x1a8 ../entrega2_bsp//libhal_bsp.a(alt_dev.o)
                0x000000000002393c                alt_dev_null
                0x0000000000023964                alt_fd_list
 .data          0x0000000000023ae4        0x0 ../entrega2_bsp//libhal_bsp.a(alt_dev_llist_insert.o)
 .data          0x0000000000023ae4        0x0 ../entrega2_bsp//libhal_bsp.a(alt_do_ctors.o)
 .data          0x0000000000023ae4        0x0 ../entrega2_bsp//libhal_bsp.a(alt_do_dtors.o)
 .data          0x0000000000023ae4        0x0 ../entrega2_bsp//libhal_bsp.a(alt_errno.o)
 .data          0x0000000000023ae4        0x0 ../entrega2_bsp//libhal_bsp.a(alt_icache_flush_all.o)
 .data          0x0000000000023ae4        0x0 ../entrega2_bsp//libhal_bsp.a(alt_iic.o)
 .data          0x0000000000023ae4        0x0 ../entrega2_bsp//libhal_bsp.a(alt_iic_isr_register.o)
 .data          0x0000000000023ae4        0x0 ../entrega2_bsp//libhal_bsp.a(alt_io_redirect.o)
 .data          0x0000000000023ae4        0x0 ../entrega2_bsp//libhal_bsp.a(alt_irq_entry.o)
 .data          0x0000000000023ae4        0x0 ../entrega2_bsp//libhal_bsp.a(alt_irq_handler.o)
 .data          0x0000000000023ae4        0x0 ../entrega2_bsp//libhal_bsp.a(alt_irq_vars.o)
 .data          0x0000000000023ae4        0x0 ../entrega2_bsp//libhal_bsp.a(alt_open.o)
 .data          0x0000000000023ae4        0x0 ../entrega2_bsp//libhal_bsp.a(alt_release_fd.o)
 .data          0x0000000000023ae4        0x0 ../entrega2_bsp//libhal_bsp.a(alt_tick.o)
 .data          0x0000000000023ae4        0x0 ../entrega2_bsp//libhal_bsp.a(altera_nios2_gen2_irq.o)
 .data          0x0000000000023ae4        0x0 ../entrega2_bsp//libhal_bsp.a(alt_exception_entry.o)
 .data          0x0000000000023ae4        0x0 ../entrega2_bsp//libhal_bsp.a(alt_find_dev.o)
 .data          0x0000000000023ae4        0x0 ../entrega2_bsp//libhal_bsp.a(alt_find_file.o)
 .data          0x0000000000023ae4        0x0 ../entrega2_bsp//libhal_bsp.a(alt_get_fd.o)
 .data          0x0000000000023ae4        0x0 ../entrega2_bsp//libhal_bsp.a(alt_icache_flush.o)
 .data          0x0000000000023ae4        0x0 ../entrega2_bsp//libhal_bsp.a(alt_instruction_exception_entry.o)
 .data          0x0000000000023ae4        0x0 /home/labarqcomp/intelFPGA/18.1/nios2eds/bin/gnu/H-x86_64-pc-linux-gnu/bin/../lib/gcc/nios2-elf/5.3.0/../../../../../H-x86_64-pc-linux-gnu/nios2-elf/lib/libc.a(lib_a-atexit.o)
 .data          0x0000000000023ae4        0x0 /home/labarqcomp/intelFPGA/18.1/nios2eds/bin/gnu/H-x86_64-pc-linux-gnu/bin/../lib/gcc/nios2-elf/5.3.0/../../../../../H-x86_64-pc-linux-gnu/nios2-elf/lib/libc.a(lib_a-exit.o)
 .data          0x0000000000023ae4        0x0 /home/labarqcomp/intelFPGA/18.1/nios2eds/bin/gnu/H-x86_64-pc-linux-gnu/bin/../lib/gcc/nios2-elf/5.3.0/../../../../../H-x86_64-pc-linux-gnu/nios2-elf/lib/libc.a(lib_a-impure.o)
 .data.impure_data
                0x0000000000023ae4      0x424 /home/labarqcomp/intelFPGA/18.1/nios2eds/bin/gnu/H-x86_64-pc-linux-gnu/bin/../lib/gcc/nios2-elf/5.3.0/../../../../../H-x86_64-pc-linux-gnu/nios2-elf/lib/libc.a(lib_a-impure.o)
 .data          0x0000000000023f08        0x0 /home/labarqcomp/intelFPGA/18.1/nios2eds/bin/gnu/H-x86_64-pc-linux-gnu/bin/../lib/gcc/nios2-elf/5.3.0/../../../../../H-x86_64-pc-linux-gnu/nios2-elf/lib/libc.a(lib_a-int_errno.o)
 .data          0x0000000000023f08        0x0 /home/labarqcomp/intelFPGA/18.1/nios2eds/bin/gnu/H-x86_64-pc-linux-gnu/bin/../lib/gcc/nios2-elf/5.3.0/../../../../../H-x86_64-pc-linux-gnu/nios2-elf/lib/libc.a(lib_a-memcmp.o)
 .data          0x0000000000023f08        0x0 /home/labarqcomp/intelFPGA/18.1/nios2eds/bin/gnu/H-x86_64-pc-linux-gnu/bin/../lib/gcc/nios2-elf/5.3.0/../../../../../H-x86_64-pc-linux-gnu/nios2-elf/lib/libc.a(lib_a-memcpy.o)
 .data          0x0000000000023f08        0x0 /home/labarqcomp/intelFPGA/18.1/nios2eds/bin/gnu/H-x86_64-pc-linux-gnu/bin/../lib/gcc/nios2-elf/5.3.0/../../../../../H-x86_64-pc-linux-gnu/nios2-elf/lib/libc.a(lib_a-strlen.o)
 .data          0x0000000000023f08        0x0 /home/labarqcomp/intelFPGA/18.1/nios2eds/bin/gnu/H-x86_64-pc-linux-gnu/bin/../lib/gcc/nios2-elf/5.3.0/../../../../../H-x86_64-pc-linux-gnu/nios2-elf/lib/libc.a(lib_a-__atexit.o)
 .data          0x0000000000023f08        0x0 /home/labarqcomp/intelFPGA/18.1/nios2eds/bin/gnu/H-x86_64-pc-linux-gnu/bin/../lib/gcc/nios2-elf/5.3.0/../../../../../H-x86_64-pc-linux-gnu/nios2-elf/lib/libc.a(lib_a-__call_atexit.o)
 .data          0x0000000000023f08        0x0 /home/labarqcomp/intelFPGA/18.1/nios2eds/bin/gnu/H-x86_64-pc-linux-gnu/bin/../lib/gcc/nios2-elf/5.3.0/libgcc.a(lib2-divmod.o)
 .data          0x0000000000023f08        0x0 ../entrega2_bsp//libhal_bsp.a(alt_exit.o)
                0x000000000002bf08                _gp = ABSOLUTE ((. + 0x8000))
                [!provide]                        PROVIDE (gp, _gp)
 *(.rwdata .rwdata.*)
 *(.sdata .sdata.* .gnu.linkonce.s.*)
 .sdata         0x0000000000023f08       0x14 ../entrega2_bsp//libhal_bsp.a(alt_dev.o)
                0x0000000000023f08                alt_fs_list
                0x0000000000023f10                alt_dev_list
                0x0000000000023f18                alt_max_fd
 .sdata         0x0000000000023f1c        0x4 ../entrega2_bsp//libhal_bsp.a(alt_errno.o)
                0x0000000000023f1c                alt_errno
 .sdata         0x0000000000023f20        0x4 ../entrega2_bsp//libhal_bsp.a(alt_irq_vars.o)
                0x0000000000023f20                alt_priority_mask
 .sdata         0x0000000000023f24        0x8 ../entrega2_bsp//libhal_bsp.a(alt_tick.o)
                0x0000000000023f24                alt_alarm_list
 .sdata._global_impure_ptr
                0x0000000000023f2c        0x4 /home/labarqcomp/intelFPGA/18.1/nios2eds/bin/gnu/H-x86_64-pc-linux-gnu/bin/../lib/gcc/nios2-elf/5.3.0/../../../../../H-x86_64-pc-linux-gnu/nios2-elf/lib/libc.a(lib_a-impure.o)
                0x0000000000023f2c                _global_impure_ptr
 .sdata._impure_ptr
                0x0000000000023f30        0x4 /home/labarqcomp/intelFPGA/18.1/nios2eds/bin/gnu/H-x86_64-pc-linux-gnu/bin/../lib/gcc/nios2-elf/5.3.0/../../../../../H-x86_64-pc-linux-gnu/nios2-elf/lib/libc.a(lib_a-impure.o)
                0x0000000000023f30                _impure_ptr
 *(.sdata2 .sdata2.* .gnu.linkonce.s2.*)
                0x0000000000023f34                . = ALIGN (0x4)
                0x0000000000023f34                _edata = ABSOLUTE (.)
                [!provide]                        PROVIDE (edata, ABSOLUTE (.))
                0x0000000000023f34                PROVIDE (__ram_rwdata_end, ABSOLUTE (.))
                0x0000000000023f34                PROVIDE (__flash_rwdata_start, LOADADDR (.rwdata))

.bss            0x000000000002558c      0x120
                0x000000000002558c                __bss_start = ABSOLUTE (.)
                [!provide]                        PROVIDE (__sbss_start, ABSOLUTE (.))
                [!provide]                        PROVIDE (___sbss_start, ABSOLUTE (.))
 *(.dynsbss)
 *(.sbss .sbss.* .gnu.linkonce.sb.*)
 .sbss          0x000000000002558c        0xc ../entrega2_bsp//libhal_bsp.a(alt_main.o)
                0x000000000002558c                alt_argc
                0x0000000000025590                alt_argv
                0x0000000000025594                alt_envp
 .sbss          0x0000000000025598        0x4 ../entrega2_bsp//libhal_bsp.a(alt_irq_vars.o)
                0x0000000000025598                alt_irq_active
 .sbss          0x000000000002559c        0x8 ../entrega2_bsp//libhal_bsp.a(alt_tick.o)
                0x000000000002559c                _alt_tick_rate
                0x00000000000255a0                _alt_nticks
 .sbss          0x00000000000255a4        0x4 ../entrega2_bsp//libhal_bsp.a(alt_instruction_exception_entry.o)
                0x00000000000255a4                alt_instruction_exception_handler
 .sbss          0x00000000000255a8        0x4 /home/labarqcomp/intelFPGA/18.1/nios2eds/bin/gnu/H-x86_64-pc-linux-gnu/bin/../lib/gcc/nios2-elf/5.3.0/../../../../../H-x86_64-pc-linux-gnu/nios2-elf/lib/libc.a(lib_a-int_errno.o)
                0x00000000000255a8                errno
 *(.sbss2 .sbss2.* .gnu.linkonce.sb2.*)
 *(.scommon)
                [!provide]                        PROVIDE (__sbss_end, ABSOLUTE (.))
                [!provide]                        PROVIDE (___sbss_end, ABSOLUTE (.))
 *(.dynbss)
 *(.bss .bss.* .gnu.linkonce.b.*)
 .bss           0x00000000000255ac        0x0 ../entrega2_bsp//obj/HAL/src/crt0.o
 .bss           0x00000000000255ac        0x0 obj/default/hello_world.o
 .bss           0x00000000000255ac        0x0 ../entrega2_bsp//libhal_bsp.a(alt_load.o)
 .bss           0x00000000000255ac        0x0 ../entrega2_bsp//libhal_bsp.a(alt_main.o)
 .bss           0x00000000000255ac        0x0 ../entrega2_bsp//libhal_bsp.a(alt_usleep.o)
 .bss           0x00000000000255ac        0x0 ../entrega2_bsp//libhal_bsp.a(alt_sys_init.o)
 .bss           0x00000000000255ac        0x0 ../entrega2_bsp//libhal_bsp.a(altera_avalon_jtag_uart_fd.o)
 .bss           0x00000000000255ac        0x0 ../entrega2_bsp//libhal_bsp.a(altera_avalon_jtag_uart_init.o)
 .bss           0x00000000000255ac        0x0 ../entrega2_bsp//libhal_bsp.a(altera_avalon_jtag_uart_ioctl.o)
 .bss           0x00000000000255ac        0x0 ../entrega2_bsp//libhal_bsp.a(altera_avalon_jtag_uart_read.o)
 .bss           0x00000000000255ac        0x0 ../entrega2_bsp//libhal_bsp.a(altera_avalon_jtag_uart_write.o)
 .bss           0x00000000000255ac        0x0 ../entrega2_bsp//libhal_bsp.a(alt_alarm_start.o)
 .bss           0x00000000000255ac        0x0 ../entrega2_bsp//libhal_bsp.a(alt_busy_sleep.o)
 .bss           0x00000000000255ac        0x0 ../entrega2_bsp//libhal_bsp.a(alt_close.o)
 .bss           0x00000000000255ac        0x0 ../entrega2_bsp//libhal_bsp.a(alt_dcache_flush_all.o)
 .bss           0x00000000000255ac        0x0 ../entrega2_bsp//libhal_bsp.a(alt_dev.o)
 .bss           0x00000000000255ac        0x0 ../entrega2_bsp//libhal_bsp.a(alt_dev_llist_insert.o)
 .bss           0x00000000000255ac        0x0 ../entrega2_bsp//libhal_bsp.a(alt_do_ctors.o)
 .bss           0x00000000000255ac        0x0 ../entrega2_bsp//libhal_bsp.a(alt_do_dtors.o)
 .bss           0x00000000000255ac        0x0 ../entrega2_bsp//libhal_bsp.a(alt_errno.o)
 .bss           0x00000000000255ac        0x0 ../entrega2_bsp//libhal_bsp.a(alt_icache_flush_all.o)
 .bss           0x00000000000255ac        0x0 ../entrega2_bsp//libhal_bsp.a(alt_iic.o)
 .bss           0x00000000000255ac        0x0 ../entrega2_bsp//libhal_bsp.a(alt_iic_isr_register.o)
 .bss           0x00000000000255ac        0x0 ../entrega2_bsp//libhal_bsp.a(alt_io_redirect.o)
 .bss           0x00000000000255ac        0x0 ../entrega2_bsp//libhal_bsp.a(alt_irq_entry.o)
 .bss           0x00000000000255ac        0x0 ../entrega2_bsp//libhal_bsp.a(alt_irq_handler.o)
 .bss           0x00000000000255ac        0x0 ../entrega2_bsp//libhal_bsp.a(alt_irq_vars.o)
 .bss           0x00000000000255ac        0x0 ../entrega2_bsp//libhal_bsp.a(alt_open.o)
 .bss           0x00000000000255ac        0x0 ../entrega2_bsp//libhal_bsp.a(alt_release_fd.o)
 .bss           0x00000000000255ac        0x0 ../entrega2_bsp//libhal_bsp.a(alt_tick.o)
 .bss           0x00000000000255ac        0x0 ../entrega2_bsp//libhal_bsp.a(altera_nios2_gen2_irq.o)
 .bss           0x00000000000255ac        0x0 ../entrega2_bsp//libhal_bsp.a(alt_exception_entry.o)
 .bss           0x00000000000255ac        0x0 ../entrega2_bsp//libhal_bsp.a(alt_find_dev.o)
 .bss           0x00000000000255ac        0x0 ../entrega2_bsp//libhal_bsp.a(alt_find_file.o)
 .bss           0x00000000000255ac        0x0 ../entrega2_bsp//libhal_bsp.a(alt_get_fd.o)
 .bss           0x00000000000255ac        0x0 ../entrega2_bsp//libhal_bsp.a(alt_icache_flush.o)
 .bss           0x00000000000255ac        0x0 ../entrega2_bsp//libhal_bsp.a(alt_instruction_exception_entry.o)
 .bss           0x00000000000255ac        0x0 /home/labarqcomp/intelFPGA/18.1/nios2eds/bin/gnu/H-x86_64-pc-linux-gnu/bin/../lib/gcc/nios2-elf/5.3.0/../../../../../H-x86_64-pc-linux-gnu/nios2-elf/lib/libc.a(lib_a-atexit.o)
 .bss           0x00000000000255ac        0x0 /home/labarqcomp/intelFPGA/18.1/nios2eds/bin/gnu/H-x86_64-pc-linux-gnu/bin/../lib/gcc/nios2-elf/5.3.0/../../../../../H-x86_64-pc-linux-gnu/nios2-elf/lib/libc.a(lib_a-exit.o)
 .bss           0x00000000000255ac        0x0 /home/labarqcomp/intelFPGA/18.1/nios2eds/bin/gnu/H-x86_64-pc-linux-gnu/bin/../lib/gcc/nios2-elf/5.3.0/../../../../../H-x86_64-pc-linux-gnu/nios2-elf/lib/libc.a(lib_a-impure.o)
 .bss           0x00000000000255ac        0x0 /home/labarqcomp/intelFPGA/18.1/nios2eds/bin/gnu/H-x86_64-pc-linux-gnu/bin/../lib/gcc/nios2-elf/5.3.0/../../../../../H-x86_64-pc-linux-gnu/nios2-elf/lib/libc.a(lib_a-int_errno.o)
 .bss           0x00000000000255ac        0x0 /home/labarqcomp/intelFPGA/18.1/nios2eds/bin/gnu/H-x86_64-pc-linux-gnu/bin/../lib/gcc/nios2-elf/5.3.0/../../../../../H-x86_64-pc-linux-gnu/nios2-elf/lib/libc.a(lib_a-memcmp.o)
 .bss           0x00000000000255ac        0x0 /home/labarqcomp/intelFPGA/18.1/nios2eds/bin/gnu/H-x86_64-pc-linux-gnu/bin/../lib/gcc/nios2-elf/5.3.0/../../../../../H-x86_64-pc-linux-gnu/nios2-elf/lib/libc.a(lib_a-memcpy.o)
 .bss           0x00000000000255ac        0x0 /home/labarqcomp/intelFPGA/18.1/nios2eds/bin/gnu/H-x86_64-pc-linux-gnu/bin/../lib/gcc/nios2-elf/5.3.0/../../../../../H-x86_64-pc-linux-gnu/nios2-elf/lib/libc.a(lib_a-strlen.o)
 .bss           0x00000000000255ac        0x0 /home/labarqcomp/intelFPGA/18.1/nios2eds/bin/gnu/H-x86_64-pc-linux-gnu/bin/../lib/gcc/nios2-elf/5.3.0/../../../../../H-x86_64-pc-linux-gnu/nios2-elf/lib/libc.a(lib_a-__atexit.o)
 .bss           0x00000000000255ac        0x0 /home/labarqcomp/intelFPGA/18.1/nios2eds/bin/gnu/H-x86_64-pc-linux-gnu/bin/../lib/gcc/nios2-elf/5.3.0/../../../../../H-x86_64-pc-linux-gnu/nios2-elf/lib/libc.a(lib_a-__call_atexit.o)
 .bss           0x00000000000255ac        0x0 /home/labarqcomp/intelFPGA/18.1/nios2eds/bin/gnu/H-x86_64-pc-linux-gnu/bin/../lib/gcc/nios2-elf/5.3.0/libgcc.a(lib2-divmod.o)
 .bss           0x00000000000255ac        0x0 ../entrega2_bsp//libhal_bsp.a(alt_exit.o)
 *(COMMON)
 COMMON         0x00000000000255ac      0x100 ../entrega2_bsp//libhal_bsp.a(alt_irq_handler.o)
                0x00000000000255ac                alt_irq
                0x00000000000256ac                . = ALIGN (0x4)
                0x00000000000256ac                __bss_end = ABSOLUTE (.)

.onchip_memory2_0
                0x00000000000256ac        0x0
                [!provide]                        PROVIDE (_alt_partition_onchip_memory2_0_start, ABSOLUTE (.))
 *(.onchip_memory2_0 .onchip_memory2_0. onchip_memory2_0.*)
                0x00000000000256ac                . = ALIGN (0x4)
                [!provide]                        PROVIDE (_alt_partition_onchip_memory2_0_end, ABSOLUTE (.))
                0x00000000000256ac                _end = ABSOLUTE (.)
                0x00000000000256ac                end = ABSOLUTE (.)
                0x00000000000256ac                __alt_stack_base = ABSOLUTE (.)
                [!provide]                        PROVIDE (_alt_partition_onchip_memory2_0_load_addr, LOADADDR (.onchip_memory2_0))

.stab
 *(.stab)

.stabstr
 *(.stabstr)

.stab.excl
 *(.stab.excl)

.stab.exclstr
 *(.stab.exclstr)

.stab.index
 *(.stab.index)

.stab.indexstr
 *(.stab.indexstr)

.comment        0x0000000000000000       0x23
 *(.comment)
 .comment       0x0000000000000000       0x23 obj/default/hello_world.o
                                         0x24 (size before relaxing)
 .comment       0x0000000000000023       0x24 ../entrega2_bsp//libhal_bsp.a(alt_load.o)
 .comment       0x0000000000000023       0x24 ../entrega2_bsp//libhal_bsp.a(alt_main.o)
 .comment       0x0000000000000023       0x24 ../entrega2_bsp//libhal_bsp.a(alt_usleep.o)
 .comment       0x0000000000000023       0x24 ../entrega2_bsp//libhal_bsp.a(alt_sys_init.o)
 .comment       0x0000000000000023       0x24 ../entrega2_bsp//libhal_bsp.a(altera_avalon_jtag_uart_fd.o)
 .comment       0x0000000000000023       0x24 ../entrega2_bsp//libhal_bsp.a(altera_avalon_jtag_uart_init.o)
 .comment       0x0000000000000023       0x24 ../entrega2_bsp//libhal_bsp.a(altera_avalon_jtag_uart_ioctl.o)
 .comment       0x0000000000000023       0x24 ../entrega2_bsp//libhal_bsp.a(altera_avalon_jtag_uart_read.o)
 .comment       0x0000000000000023       0x24 ../entrega2_bsp//libhal_bsp.a(altera_avalon_jtag_uart_write.o)
 .comment       0x0000000000000023       0x24 ../entrega2_bsp//libhal_bsp.a(alt_alarm_start.o)
 .comment       0x0000000000000023       0x24 ../entrega2_bsp//libhal_bsp.a(alt_busy_sleep.o)
 .comment       0x0000000000000023       0x24 ../entrega2_bsp//libhal_bsp.a(alt_close.o)
 .comment       0x0000000000000023       0x24 ../entrega2_bsp//libhal_bsp.a(alt_dcache_flush_all.o)
 .comment       0x0000000000000023       0x24 ../entrega2_bsp//libhal_bsp.a(alt_dev.o)
 .comment       0x0000000000000023       0x24 ../entrega2_bsp//libhal_bsp.a(alt_dev_llist_insert.o)
 .comment       0x0000000000000023       0x24 ../entrega2_bsp//libhal_bsp.a(alt_do_ctors.o)
 .comment       0x0000000000000023       0x24 ../entrega2_bsp//libhal_bsp.a(alt_do_dtors.o)
 .comment       0x0000000000000023       0x24 ../entrega2_bsp//libhal_bsp.a(alt_errno.o)
 .comment       0x0000000000000023       0x24 ../entrega2_bsp//libhal_bsp.a(alt_icache_flush_all.o)
 .comment       0x0000000000000023       0x24 ../entrega2_bsp//libhal_bsp.a(alt_iic.o)
 .comment       0x0000000000000023       0x24 ../entrega2_bsp//libhal_bsp.a(alt_iic_isr_register.o)
 .comment       0x0000000000000023       0x24 ../entrega2_bsp//libhal_bsp.a(alt_io_redirect.o)
 .comment       0x0000000000000023       0x24 ../entrega2_bsp//libhal_bsp.a(alt_irq_handler.o)
 .comment       0x0000000000000023       0x24 ../entrega2_bsp//libhal_bsp.a(alt_irq_vars.o)
 .comment       0x0000000000000023       0x24 ../entrega2_bsp//libhal_bsp.a(alt_open.o)
 .comment       0x0000000000000023       0x24 ../entrega2_bsp//libhal_bsp.a(alt_release_fd.o)
 .comment       0x0000000000000023       0x24 ../entrega2_bsp//libhal_bsp.a(alt_tick.o)
 .comment       0x0000000000000023       0x24 ../entrega2_bsp//libhal_bsp.a(altera_nios2_gen2_irq.o)
 .comment       0x0000000000000023       0x24 ../entrega2_bsp//libhal_bsp.a(alt_find_dev.o)
 .comment       0x0000000000000023       0x24 ../entrega2_bsp//libhal_bsp.a(alt_find_file.o)
 .comment       0x0000000000000023       0x24 ../entrega2_bsp//libhal_bsp.a(alt_get_fd.o)
 .comment       0x0000000000000023       0x24 ../entrega2_bsp//libhal_bsp.a(alt_icache_flush.o)
 .comment       0x0000000000000023       0x24 ../entrega2_bsp//libhal_bsp.a(alt_instruction_exception_entry.o)
 .comment       0x0000000000000023       0x24 /home/labarqcomp/intelFPGA/18.1/nios2eds/bin/gnu/H-x86_64-pc-linux-gnu/bin/../lib/gcc/nios2-elf/5.3.0/../../../../../H-x86_64-pc-linux-gnu/nios2-elf/lib/libc.a(lib_a-atexit.o)
 .comment       0x0000000000000023       0x24 /home/labarqcomp/intelFPGA/18.1/nios2eds/bin/gnu/H-x86_64-pc-linux-gnu/bin/../lib/gcc/nios2-elf/5.3.0/../../../../../H-x86_64-pc-linux-gnu/nios2-elf/lib/libc.a(lib_a-exit.o)
 .comment       0x0000000000000023       0x24 /home/labarqcomp/intelFPGA/18.1/nios2eds/bin/gnu/H-x86_64-pc-linux-gnu/bin/../lib/gcc/nios2-elf/5.3.0/../../../../../H-x86_64-pc-linux-gnu/nios2-elf/lib/libc.a(lib_a-impure.o)
 .comment       0x0000000000000023       0x24 /home/labarqcomp/intelFPGA/18.1/nios2eds/bin/gnu/H-x86_64-pc-linux-gnu/bin/../lib/gcc/nios2-elf/5.3.0/../../../../../H-x86_64-pc-linux-gnu/nios2-elf/lib/libc.a(lib_a-int_errno.o)
 .comment       0x0000000000000023       0x24 /home/labarqcomp/intelFPGA/18.1/nios2eds/bin/gnu/H-x86_64-pc-linux-gnu/bin/../lib/gcc/nios2-elf/5.3.0/../../../../../H-x86_64-pc-linux-gnu/nios2-elf/lib/libc.a(lib_a-memcmp.o)
 .comment       0x0000000000000023       0x24 /home/labarqcomp/intelFPGA/18.1/nios2eds/bin/gnu/H-x86_64-pc-linux-gnu/bin/../lib/gcc/nios2-elf/5.3.0/../../../../../H-x86_64-pc-linux-gnu/nios2-elf/lib/libc.a(lib_a-memcpy.o)
 .comment       0x0000000000000023       0x24 /home/labarqcomp/intelFPGA/18.1/nios2eds/bin/gnu/H-x86_64-pc-linux-gnu/bin/../lib/gcc/nios2-elf/5.3.0/../../../../../H-x86_64-pc-linux-gnu/nios2-elf/lib/libc.a(lib_a-strlen.o)
 .comment       0x0000000000000023       0x24 /home/labarqcomp/intelFPGA/18.1/nios2eds/bin/gnu/H-x86_64-pc-linux-gnu/bin/../lib/gcc/nios2-elf/5.3.0/../../../../../H-x86_64-pc-linux-gnu/nios2-elf/lib/libc.a(lib_a-__atexit.o)
 .comment       0x0000000000000023       0x24 /home/labarqcomp/intelFPGA/18.1/nios2eds/bin/gnu/H-x86_64-pc-linux-gnu/bin/../lib/gcc/nios2-elf/5.3.0/../../../../../H-x86_64-pc-linux-gnu/nios2-elf/lib/libc.a(lib_a-__call_atexit.o)
 .comment       0x0000000000000023       0x24 /home/labarqcomp/intelFPGA/18.1/nios2eds/bin/gnu/H-x86_64-pc-linux-gnu/bin/../lib/gcc/nios2-elf/5.3.0/libgcc.a(lib2-divmod.o)
 .comment       0x0000000000000023       0x24 ../entrega2_bsp//libhal_bsp.a(alt_exit.o)

.debug
 *(.debug)

.line
 *(.line)

.debug_srcinfo
 *(.debug_srcinfo)

.debug_sfnames
 *(.debug_sfnames)

.debug_aranges  0x0000000000000000      0x618
 *(.debug_aranges)
 .debug_aranges
                0x0000000000000000       0x28 ../entrega2_bsp//obj/HAL/src/crt0.o
 .debug_aranges
                0x0000000000000028       0x20 obj/default/hello_world.o
 .debug_aranges
                0x0000000000000048       0x20 ../entrega2_bsp//libhal_bsp.a(alt_load.o)
 .debug_aranges
                0x0000000000000068       0x20 ../entrega2_bsp//libhal_bsp.a(alt_main.o)
 .debug_aranges
                0x0000000000000088       0x20 ../entrega2_bsp//libhal_bsp.a(alt_usleep.o)
 .debug_aranges
                0x00000000000000a8       0x20 ../entrega2_bsp//libhal_bsp.a(alt_sys_init.o)
 .debug_aranges
                0x00000000000000c8       0x20 ../entrega2_bsp//libhal_bsp.a(altera_avalon_jtag_uart_fd.o)
 .debug_aranges
                0x00000000000000e8       0x20 ../entrega2_bsp//libhal_bsp.a(altera_avalon_jtag_uart_init.o)
 .debug_aranges
                0x0000000000000108       0x20 ../entrega2_bsp//libhal_bsp.a(altera_avalon_jtag_uart_ioctl.o)
 .debug_aranges
                0x0000000000000128       0x20 ../entrega2_bsp//libhal_bsp.a(altera_avalon_jtag_uart_read.o)
 .debug_aranges
                0x0000000000000148       0x20 ../entrega2_bsp//libhal_bsp.a(altera_avalon_jtag_uart_write.o)
 .debug_aranges
                0x0000000000000168       0x20 ../entrega2_bsp//libhal_bsp.a(alt_alarm_start.o)
 .debug_aranges
                0x0000000000000188       0x20 ../entrega2_bsp//libhal_bsp.a(alt_busy_sleep.o)
 .debug_aranges
                0x00000000000001a8       0x20 ../entrega2_bsp//libhal_bsp.a(alt_close.o)
 .debug_aranges
                0x00000000000001c8       0x20 ../entrega2_bsp//libhal_bsp.a(alt_dcache_flush_all.o)
 .debug_aranges
                0x00000000000001e8       0x20 ../entrega2_bsp//libhal_bsp.a(alt_dev.o)
 .debug_aranges
                0x0000000000000208       0x20 ../entrega2_bsp//libhal_bsp.a(alt_dev_llist_insert.o)
 .debug_aranges
                0x0000000000000228       0x20 ../entrega2_bsp//libhal_bsp.a(alt_do_ctors.o)
 .debug_aranges
                0x0000000000000248       0x20 ../entrega2_bsp//libhal_bsp.a(alt_do_dtors.o)
 .debug_aranges
                0x0000000000000268       0x18 ../entrega2_bsp//libhal_bsp.a(alt_errno.o)
 .debug_aranges
                0x0000000000000280       0x20 ../entrega2_bsp//libhal_bsp.a(alt_icache_flush_all.o)
 .debug_aranges
                0x00000000000002a0       0x20 ../entrega2_bsp//libhal_bsp.a(alt_iic.o)
 .debug_aranges
                0x00000000000002c0       0x20 ../entrega2_bsp//libhal_bsp.a(alt_iic_isr_register.o)
 .debug_aranges
                0x00000000000002e0       0x20 ../entrega2_bsp//libhal_bsp.a(alt_io_redirect.o)
 .debug_aranges
                0x0000000000000300       0x30 ../entrega2_bsp//libhal_bsp.a(alt_irq_entry.o)
 .debug_aranges
                0x0000000000000330       0x20 ../entrega2_bsp//libhal_bsp.a(alt_irq_handler.o)
 .debug_aranges
                0x0000000000000350       0x18 ../entrega2_bsp//libhal_bsp.a(alt_irq_vars.o)
 .debug_aranges
                0x0000000000000368       0x20 ../entrega2_bsp//libhal_bsp.a(alt_open.o)
 .debug_aranges
                0x0000000000000388       0x20 ../entrega2_bsp//libhal_bsp.a(alt_release_fd.o)
 .debug_aranges
                0x00000000000003a8       0x20 ../entrega2_bsp//libhal_bsp.a(alt_tick.o)
 .debug_aranges
                0x00000000000003c8       0x20 ../entrega2_bsp//libhal_bsp.a(altera_nios2_gen2_irq.o)
 .debug_aranges
                0x00000000000003e8       0x38 ../entrega2_bsp//libhal_bsp.a(alt_exception_entry.o)
 .debug_aranges
                0x0000000000000420       0x20 ../entrega2_bsp//libhal_bsp.a(alt_find_dev.o)
 .debug_aranges
                0x0000000000000440       0x20 ../entrega2_bsp//libhal_bsp.a(alt_find_file.o)
 .debug_aranges
                0x0000000000000460       0x20 ../entrega2_bsp//libhal_bsp.a(alt_get_fd.o)
 .debug_aranges
                0x0000000000000480       0x20 ../entrega2_bsp//libhal_bsp.a(alt_icache_flush.o)
 .debug_aranges
                0x00000000000004a0       0x28 ../entrega2_bsp//libhal_bsp.a(alt_instruction_exception_entry.o)
 .debug_aranges
                0x00000000000004c8       0x20 /home/labarqcomp/intelFPGA/18.1/nios2eds/bin/gnu/H-x86_64-pc-linux-gnu/bin/../lib/gcc/nios2-elf/5.3.0/../../../../../H-x86_64-pc-linux-gnu/nios2-elf/lib/libc.a(lib_a-atexit.o)
 .debug_aranges
                0x00000000000004e8       0x20 /home/labarqcomp/intelFPGA/18.1/nios2eds/bin/gnu/H-x86_64-pc-linux-gnu/bin/../lib/gcc/nios2-elf/5.3.0/../../../../../H-x86_64-pc-linux-gnu/nios2-elf/lib/libc.a(lib_a-exit.o)
 .debug_aranges
                0x0000000000000508       0x18 /home/labarqcomp/intelFPGA/18.1/nios2eds/bin/gnu/H-x86_64-pc-linux-gnu/bin/../lib/gcc/nios2-elf/5.3.0/../../../../../H-x86_64-pc-linux-gnu/nios2-elf/lib/libc.a(lib_a-impure.o)
 .debug_aranges
                0x0000000000000520       0x18 /home/labarqcomp/intelFPGA/18.1/nios2eds/bin/gnu/H-x86_64-pc-linux-gnu/bin/../lib/gcc/nios2-elf/5.3.0/../../../../../H-x86_64-pc-linux-gnu/nios2-elf/lib/libc.a(lib_a-int_errno.o)
 .debug_aranges
                0x0000000000000538       0x20 /home/labarqcomp/intelFPGA/18.1/nios2eds/bin/gnu/H-x86_64-pc-linux-gnu/bin/../lib/gcc/nios2-elf/5.3.0/../../../../../H-x86_64-pc-linux-gnu/nios2-elf/lib/libc.a(lib_a-memcmp.o)
 .debug_aranges
                0x0000000000000558       0x20 /home/labarqcomp/intelFPGA/18.1/nios2eds/bin/gnu/H-x86_64-pc-linux-gnu/bin/../lib/gcc/nios2-elf/5.3.0/../../../../../H-x86_64-pc-linux-gnu/nios2-elf/lib/libc.a(lib_a-memcpy.o)
 .debug_aranges
                0x0000000000000578       0x20 /home/labarqcomp/intelFPGA/18.1/nios2eds/bin/gnu/H-x86_64-pc-linux-gnu/bin/../lib/gcc/nios2-elf/5.3.0/../../../../../H-x86_64-pc-linux-gnu/nios2-elf/lib/libc.a(lib_a-strlen.o)
 .debug_aranges
                0x0000000000000598       0x20 /home/labarqcomp/intelFPGA/18.1/nios2eds/bin/gnu/H-x86_64-pc-linux-gnu/bin/../lib/gcc/nios2-elf/5.3.0/../../../../../H-x86_64-pc-linux-gnu/nios2-elf/lib/libc.a(lib_a-__atexit.o)
 .debug_aranges
                0x00000000000005b8       0x20 /home/labarqcomp/intelFPGA/18.1/nios2eds/bin/gnu/H-x86_64-pc-linux-gnu/bin/../lib/gcc/nios2-elf/5.3.0/../../../../../H-x86_64-pc-linux-gnu/nios2-elf/lib/libc.a(lib_a-__call_atexit.o)
 .debug_aranges
                0x00000000000005d8       0x20 /home/labarqcomp/intelFPGA/18.1/nios2eds/bin/gnu/H-x86_64-pc-linux-gnu/bin/../lib/gcc/nios2-elf/5.3.0/libgcc.a(lib2-divmod.o)
 .debug_aranges
                0x00000000000005f8       0x20 ../entrega2_bsp//libhal_bsp.a(alt_exit.o)

.debug_pubnames
 *(.debug_pubnames)

.debug_info     0x0000000000000000     0x7a16
 *(.debug_info .gnu.linkonce.wi.*)
 .debug_info    0x0000000000000000       0x88 ../entrega2_bsp//obj/HAL/src/crt0.o
 .debug_info    0x0000000000000088       0xfb obj/default/hello_world.o
 .debug_info    0x0000000000000183      0x145 ../entrega2_bsp//libhal_bsp.a(alt_load.o)
 .debug_info    0x00000000000002c8      0x131 ../entrega2_bsp//libhal_bsp.a(alt_main.o)
 .debug_info    0x00000000000003f9       0xb0 ../entrega2_bsp//libhal_bsp.a(alt_usleep.o)
 .debug_info    0x00000000000004a9      0x4c3 ../entrega2_bsp//libhal_bsp.a(alt_sys_init.o)
 .debug_info    0x000000000000096c      0x52e ../entrega2_bsp//libhal_bsp.a(altera_avalon_jtag_uart_fd.o)
 .debug_info    0x0000000000000e9a      0x3a0 ../entrega2_bsp//libhal_bsp.a(altera_avalon_jtag_uart_init.o)
 .debug_info    0x000000000000123a      0x280 ../entrega2_bsp//libhal_bsp.a(altera_avalon_jtag_uart_ioctl.o)
 .debug_info    0x00000000000014ba      0x345 ../entrega2_bsp//libhal_bsp.a(altera_avalon_jtag_uart_read.o)
 .debug_info    0x00000000000017ff      0x340 ../entrega2_bsp//libhal_bsp.a(altera_avalon_jtag_uart_write.o)
 .debug_info    0x0000000000001b3f      0x2cc ../entrega2_bsp//libhal_bsp.a(alt_alarm_start.o)
 .debug_info    0x0000000000001e0b       0xd7 ../entrega2_bsp//libhal_bsp.a(alt_busy_sleep.o)
 .debug_info    0x0000000000001ee2      0x321 ../entrega2_bsp//libhal_bsp.a(alt_close.o)
 .debug_info    0x0000000000002203       0xa5 ../entrega2_bsp//libhal_bsp.a(alt_dcache_flush_all.o)
 .debug_info    0x00000000000022a8      0x49c ../entrega2_bsp//libhal_bsp.a(alt_dev.o)
 .debug_info    0x0000000000002744      0x1a9 ../entrega2_bsp//libhal_bsp.a(alt_dev_llist_insert.o)
 .debug_info    0x00000000000028ed       0x83 ../entrega2_bsp//libhal_bsp.a(alt_do_ctors.o)
 .debug_info    0x0000000000002970       0x83 ../entrega2_bsp//libhal_bsp.a(alt_do_dtors.o)
 .debug_info    0x00000000000029f3       0xa6 ../entrega2_bsp//libhal_bsp.a(alt_errno.o)
 .debug_info    0x0000000000002a99       0x92 ../entrega2_bsp//libhal_bsp.a(alt_icache_flush_all.o)
 .debug_info    0x0000000000002b2b      0x350 ../entrega2_bsp//libhal_bsp.a(alt_iic.o)
 .debug_info    0x0000000000002e7b      0x1ef ../entrega2_bsp//libhal_bsp.a(alt_iic_isr_register.o)
 .debug_info    0x000000000000306a      0x4a5 ../entrega2_bsp//libhal_bsp.a(alt_io_redirect.o)
 .debug_info    0x000000000000350f       0x91 ../entrega2_bsp//libhal_bsp.a(alt_irq_entry.o)
 .debug_info    0x00000000000035a0      0x187 ../entrega2_bsp//libhal_bsp.a(alt_irq_handler.o)
 .debug_info    0x0000000000003727       0x88 ../entrega2_bsp//libhal_bsp.a(alt_irq_vars.o)
 .debug_info    0x00000000000037af      0x3bb ../entrega2_bsp//libhal_bsp.a(alt_open.o)
 .debug_info    0x0000000000003b6a      0x2b0 ../entrega2_bsp//libhal_bsp.a(alt_release_fd.o)
 .debug_info    0x0000000000003e1a      0x299 ../entrega2_bsp//libhal_bsp.a(alt_tick.o)
 .debug_info    0x00000000000040b3       0x92 ../entrega2_bsp//libhal_bsp.a(altera_nios2_gen2_irq.o)
 .debug_info    0x0000000000004145       0x97 ../entrega2_bsp//libhal_bsp.a(alt_exception_entry.o)
 .debug_info    0x00000000000041dc      0x2e9 ../entrega2_bsp//libhal_bsp.a(alt_find_dev.o)
 .debug_info    0x00000000000044c5      0x2e6 ../entrega2_bsp//libhal_bsp.a(alt_find_file.o)
 .debug_info    0x00000000000047ab      0x310 ../entrega2_bsp//libhal_bsp.a(alt_get_fd.o)
 .debug_info    0x0000000000004abb       0xdc ../entrega2_bsp//libhal_bsp.a(alt_icache_flush.o)
 .debug_info    0x0000000000004b97      0x1e7 ../entrega2_bsp//libhal_bsp.a(alt_instruction_exception_entry.o)
 .debug_info    0x0000000000004d7e       0xfe /home/labarqcomp/intelFPGA/18.1/nios2eds/bin/gnu/H-x86_64-pc-linux-gnu/bin/../lib/gcc/nios2-elf/5.3.0/../../../../../H-x86_64-pc-linux-gnu/nios2-elf/lib/libc.a(lib_a-atexit.o)
 .debug_info    0x0000000000004e7c      0x8e4 /home/labarqcomp/intelFPGA/18.1/nios2eds/bin/gnu/H-x86_64-pc-linux-gnu/bin/../lib/gcc/nios2-elf/5.3.0/../../../../../H-x86_64-pc-linux-gnu/nios2-elf/lib/libc.a(lib_a-exit.o)
 .debug_info    0x0000000000005760      0x8a1 /home/labarqcomp/intelFPGA/18.1/nios2eds/bin/gnu/H-x86_64-pc-linux-gnu/bin/../lib/gcc/nios2-elf/5.3.0/../../../../../H-x86_64-pc-linux-gnu/nios2-elf/lib/libc.a(lib_a-impure.o)
 .debug_info    0x0000000000006001       0x8a /home/labarqcomp/intelFPGA/18.1/nios2eds/bin/gnu/H-x86_64-pc-linux-gnu/bin/../lib/gcc/nios2-elf/5.3.0/../../../../../H-x86_64-pc-linux-gnu/nios2-elf/lib/libc.a(lib_a-int_errno.o)
 .debug_info    0x000000000000608b      0x11a /home/labarqcomp/intelFPGA/18.1/nios2eds/bin/gnu/H-x86_64-pc-linux-gnu/bin/../lib/gcc/nios2-elf/5.3.0/../../../../../H-x86_64-pc-linux-gnu/nios2-elf/lib/libc.a(lib_a-memcmp.o)
 .debug_info    0x00000000000061a5      0x144 /home/labarqcomp/intelFPGA/18.1/nios2eds/bin/gnu/H-x86_64-pc-linux-gnu/bin/../lib/gcc/nios2-elf/5.3.0/../../../../../H-x86_64-pc-linux-gnu/nios2-elf/lib/libc.a(lib_a-memcpy.o)
 .debug_info    0x00000000000062e9       0xe2 /home/labarqcomp/intelFPGA/18.1/nios2eds/bin/gnu/H-x86_64-pc-linux-gnu/bin/../lib/gcc/nios2-elf/5.3.0/../../../../../H-x86_64-pc-linux-gnu/nios2-elf/lib/libc.a(lib_a-strlen.o)
 .debug_info    0x00000000000063cb      0x934 /home/labarqcomp/intelFPGA/18.1/nios2eds/bin/gnu/H-x86_64-pc-linux-gnu/bin/../lib/gcc/nios2-elf/5.3.0/../../../../../H-x86_64-pc-linux-gnu/nios2-elf/lib/libc.a(lib_a-__atexit.o)
 .debug_info    0x0000000000006cff      0x965 /home/labarqcomp/intelFPGA/18.1/nios2eds/bin/gnu/H-x86_64-pc-linux-gnu/bin/../lib/gcc/nios2-elf/5.3.0/../../../../../H-x86_64-pc-linux-gnu/nios2-elf/lib/libc.a(lib_a-__call_atexit.o)
 .debug_info    0x0000000000007664      0x2c6 /home/labarqcomp/intelFPGA/18.1/nios2eds/bin/gnu/H-x86_64-pc-linux-gnu/bin/../lib/gcc/nios2-elf/5.3.0/libgcc.a(lib2-divmod.o)
 .debug_info    0x000000000000792a       0xec ../entrega2_bsp//libhal_bsp.a(alt_exit.o)

.debug_abbrev   0x0000000000000000     0x2b8e
 *(.debug_abbrev)
 .debug_abbrev  0x0000000000000000       0x12 ../entrega2_bsp//obj/HAL/src/crt0.o
 .debug_abbrev  0x0000000000000012       0xb9 obj/default/hello_world.o
 .debug_abbrev  0x00000000000000cb       0x9f ../entrega2_bsp//libhal_bsp.a(alt_load.o)
 .debug_abbrev  0x000000000000016a       0xba ../entrega2_bsp//libhal_bsp.a(alt_main.o)
 .debug_abbrev  0x0000000000000224       0x60 ../entrega2_bsp//libhal_bsp.a(alt_usleep.o)
 .debug_abbrev  0x0000000000000284      0x187 ../entrega2_bsp//libhal_bsp.a(alt_sys_init.o)
 .debug_abbrev  0x000000000000040b      0x127 ../entrega2_bsp//libhal_bsp.a(altera_avalon_jtag_uart_fd.o)
 .debug_abbrev  0x0000000000000532      0x19e ../entrega2_bsp//libhal_bsp.a(altera_avalon_jtag_uart_init.o)
 .debug_abbrev  0x00000000000006d0      0x111 ../entrega2_bsp//libhal_bsp.a(altera_avalon_jtag_uart_ioctl.o)
 .debug_abbrev  0x00000000000007e1      0x1aa ../entrega2_bsp//libhal_bsp.a(altera_avalon_jtag_uart_read.o)
 .debug_abbrev  0x000000000000098b      0x1a8 ../entrega2_bsp//libhal_bsp.a(altera_avalon_jtag_uart_write.o)
 .debug_abbrev  0x0000000000000b33      0x162 ../entrega2_bsp//libhal_bsp.a(alt_alarm_start.o)
 .debug_abbrev  0x0000000000000c95       0x7e ../entrega2_bsp//libhal_bsp.a(alt_busy_sleep.o)
 .debug_abbrev  0x0000000000000d13      0x11f ../entrega2_bsp//libhal_bsp.a(alt_close.o)
 .debug_abbrev  0x0000000000000e32       0x5a ../entrega2_bsp//libhal_bsp.a(alt_dcache_flush_all.o)
 .debug_abbrev  0x0000000000000e8c       0xd9 ../entrega2_bsp//libhal_bsp.a(alt_dev.o)
 .debug_abbrev  0x0000000000000f65      0x114 ../entrega2_bsp//libhal_bsp.a(alt_dev_llist_insert.o)
 .debug_abbrev  0x0000000000001079       0x79 ../entrega2_bsp//libhal_bsp.a(alt_do_ctors.o)
 .debug_abbrev  0x00000000000010f2       0x79 ../entrega2_bsp//libhal_bsp.a(alt_do_dtors.o)
 .debug_abbrev  0x000000000000116b       0x5a ../entrega2_bsp//libhal_bsp.a(alt_errno.o)
 .debug_abbrev  0x00000000000011c5       0x42 ../entrega2_bsp//libhal_bsp.a(alt_icache_flush_all.o)
 .debug_abbrev  0x0000000000001207      0x163 ../entrega2_bsp//libhal_bsp.a(alt_iic.o)
 .debug_abbrev  0x000000000000136a      0x169 ../entrega2_bsp//libhal_bsp.a(alt_iic_isr_register.o)
 .debug_abbrev  0x00000000000014d3      0x114 ../entrega2_bsp//libhal_bsp.a(alt_io_redirect.o)
 .debug_abbrev  0x00000000000015e7       0x12 ../entrega2_bsp//libhal_bsp.a(alt_irq_entry.o)
 .debug_abbrev  0x00000000000015f9      0x122 ../entrega2_bsp//libhal_bsp.a(alt_irq_handler.o)
 .debug_abbrev  0x000000000000171b       0x40 ../entrega2_bsp//libhal_bsp.a(alt_irq_vars.o)
 .debug_abbrev  0x000000000000175b      0x148 ../entrega2_bsp//libhal_bsp.a(alt_open.o)
 .debug_abbrev  0x00000000000018a3       0xde ../entrega2_bsp//libhal_bsp.a(alt_release_fd.o)
 .debug_abbrev  0x0000000000001981      0x15a ../entrega2_bsp//libhal_bsp.a(alt_tick.o)
 .debug_abbrev  0x0000000000001adb       0x42 ../entrega2_bsp//libhal_bsp.a(altera_nios2_gen2_irq.o)
 .debug_abbrev  0x0000000000001b1d       0x12 ../entrega2_bsp//libhal_bsp.a(alt_exception_entry.o)
 .debug_abbrev  0x0000000000001b2f       0xf0 ../entrega2_bsp//libhal_bsp.a(alt_find_dev.o)
 .debug_abbrev  0x0000000000001c1f       0xf0 ../entrega2_bsp//libhal_bsp.a(alt_find_file.o)
 .debug_abbrev  0x0000000000001d0f      0x10d ../entrega2_bsp//libhal_bsp.a(alt_get_fd.o)
 .debug_abbrev  0x0000000000001e1c       0x8c ../entrega2_bsp//libhal_bsp.a(alt_icache_flush.o)
 .debug_abbrev  0x0000000000001ea8       0xdc ../entrega2_bsp//libhal_bsp.a(alt_instruction_exception_entry.o)
 .debug_abbrev  0x0000000000001f84       0xaa /home/labarqcomp/intelFPGA/18.1/nios2eds/bin/gnu/H-x86_64-pc-linux-gnu/bin/../lib/gcc/nios2-elf/5.3.0/../../../../../H-x86_64-pc-linux-gnu/nios2-elf/lib/libc.a(lib_a-atexit.o)
 .debug_abbrev  0x000000000000202e      0x1e5 /home/labarqcomp/intelFPGA/18.1/nios2eds/bin/gnu/H-x86_64-pc-linux-gnu/bin/../lib/gcc/nios2-elf/5.3.0/../../../../../H-x86_64-pc-linux-gnu/nios2-elf/lib/libc.a(lib_a-exit.o)
 .debug_abbrev  0x0000000000002213      0x18f /home/labarqcomp/intelFPGA/18.1/nios2eds/bin/gnu/H-x86_64-pc-linux-gnu/bin/../lib/gcc/nios2-elf/5.3.0/../../../../../H-x86_64-pc-linux-gnu/nios2-elf/lib/libc.a(lib_a-impure.o)
 .debug_abbrev  0x00000000000023a2       0x37 /home/labarqcomp/intelFPGA/18.1/nios2eds/bin/gnu/H-x86_64-pc-linux-gnu/bin/../lib/gcc/nios2-elf/5.3.0/../../../../../H-x86_64-pc-linux-gnu/nios2-elf/lib/libc.a(lib_a-int_errno.o)
 .debug_abbrev  0x00000000000023d9       0x7f /home/labarqcomp/intelFPGA/18.1/nios2eds/bin/gnu/H-x86_64-pc-linux-gnu/bin/../lib/gcc/nios2-elf/5.3.0/../../../../../H-x86_64-pc-linux-gnu/nios2-elf/lib/libc.a(lib_a-memcmp.o)
 .debug_abbrev  0x0000000000002458       0xa3 /home/labarqcomp/intelFPGA/18.1/nios2eds/bin/gnu/H-x86_64-pc-linux-gnu/bin/../lib/gcc/nios2-elf/5.3.0/../../../../../H-x86_64-pc-linux-gnu/nios2-elf/lib/libc.a(lib_a-memcpy.o)
 .debug_abbrev  0x00000000000024fb       0x90 /home/labarqcomp/intelFPGA/18.1/nios2eds/bin/gnu/H-x86_64-pc-linux-gnu/bin/../lib/gcc/nios2-elf/5.3.0/../../../../../H-x86_64-pc-linux-gnu/nios2-elf/lib/libc.a(lib_a-strlen.o)
 .debug_abbrev  0x000000000000258b      0x21e /home/labarqcomp/intelFPGA/18.1/nios2eds/bin/gnu/H-x86_64-pc-linux-gnu/bin/../lib/gcc/nios2-elf/5.3.0/../../../../../H-x86_64-pc-linux-gnu/nios2-elf/lib/libc.a(lib_a-__atexit.o)
 .debug_abbrev  0x00000000000027a9      0x22e /home/labarqcomp/intelFPGA/18.1/nios2eds/bin/gnu/H-x86_64-pc-linux-gnu/bin/../lib/gcc/nios2-elf/5.3.0/../../../../../H-x86_64-pc-linux-gnu/nios2-elf/lib/libc.a(lib_a-__call_atexit.o)
 .debug_abbrev  0x00000000000029d7      0x10e /home/labarqcomp/intelFPGA/18.1/nios2eds/bin/gnu/H-x86_64-pc-linux-gnu/bin/../lib/gcc/nios2-elf/5.3.0/libgcc.a(lib2-divmod.o)
 .debug_abbrev  0x0000000000002ae5       0xa9 ../entrega2_bsp//libhal_bsp.a(alt_exit.o)

.debug_line     0x0000000000000000     0x2c07
 *(.debug_line)
 .debug_line    0x0000000000000000       0x72 ../entrega2_bsp//obj/HAL/src/crt0.o
 .debug_line    0x0000000000000072       0x73 obj/default/hello_world.o
 .debug_line    0x00000000000000e5       0x8e ../entrega2_bsp//libhal_bsp.a(alt_load.o)
 .debug_line    0x0000000000000173       0xa4 ../entrega2_bsp//libhal_bsp.a(alt_main.o)
 .debug_line    0x0000000000000217       0xbb ../entrega2_bsp//libhal_bsp.a(alt_usleep.o)
 .debug_line    0x00000000000002d2      0x136 ../entrega2_bsp//libhal_bsp.a(alt_sys_init.o)
 .debug_line    0x0000000000000408      0x12f ../entrega2_bsp//libhal_bsp.a(altera_avalon_jtag_uart_fd.o)
 .debug_line    0x0000000000000537      0x18b ../entrega2_bsp//libhal_bsp.a(altera_avalon_jtag_uart_init.o)
 .debug_line    0x00000000000006c2      0x131 ../entrega2_bsp//libhal_bsp.a(altera_avalon_jtag_uart_ioctl.o)
 .debug_line    0x00000000000007f3      0x171 ../entrega2_bsp//libhal_bsp.a(altera_avalon_jtag_uart_read.o)
 .debug_line    0x0000000000000964      0x170 ../entrega2_bsp//libhal_bsp.a(altera_avalon_jtag_uart_write.o)
 .debug_line    0x0000000000000ad4       0xf9 ../entrega2_bsp//libhal_bsp.a(alt_alarm_start.o)
 .debug_line    0x0000000000000bcd       0xa0 ../entrega2_bsp//libhal_bsp.a(alt_busy_sleep.o)
 .debug_line    0x0000000000000c6d      0x173 ../entrega2_bsp//libhal_bsp.a(alt_close.o)
 .debug_line    0x0000000000000de0       0x61 ../entrega2_bsp//libhal_bsp.a(alt_dcache_flush_all.o)
 .debug_line    0x0000000000000e41      0x106 ../entrega2_bsp//libhal_bsp.a(alt_dev.o)
 .debug_line    0x0000000000000f47       0xcf ../entrega2_bsp//libhal_bsp.a(alt_dev_llist_insert.o)
 .debug_line    0x0000000000001016       0x59 ../entrega2_bsp//libhal_bsp.a(alt_do_ctors.o)
 .debug_line    0x000000000000106f       0x59 ../entrega2_bsp//libhal_bsp.a(alt_do_dtors.o)
 .debug_line    0x00000000000010c8       0x51 ../entrega2_bsp//libhal_bsp.a(alt_errno.o)
 .debug_line    0x0000000000001119       0x50 ../entrega2_bsp//libhal_bsp.a(alt_icache_flush_all.o)
 .debug_line    0x0000000000001169       0xeb ../entrega2_bsp//libhal_bsp.a(alt_iic.o)
 .debug_line    0x0000000000001254       0xdb ../entrega2_bsp//libhal_bsp.a(alt_iic_isr_register.o)
 .debug_line    0x000000000000132f      0x141 ../entrega2_bsp//libhal_bsp.a(alt_io_redirect.o)
 .debug_line    0x0000000000001470       0x6b ../entrega2_bsp//libhal_bsp.a(alt_irq_entry.o)
 .debug_line    0x00000000000014db       0xaa ../entrega2_bsp//libhal_bsp.a(alt_irq_handler.o)
 .debug_line    0x0000000000001585       0x50 ../entrega2_bsp//libhal_bsp.a(alt_irq_vars.o)
 .debug_line    0x00000000000015d5      0x128 ../entrega2_bsp//libhal_bsp.a(alt_open.o)
 .debug_line    0x00000000000016fd       0xae ../entrega2_bsp//libhal_bsp.a(alt_release_fd.o)
 .debug_line    0x00000000000017ab       0xff ../entrega2_bsp//libhal_bsp.a(alt_tick.o)
 .debug_line    0x00000000000018aa       0x51 ../entrega2_bsp//libhal_bsp.a(altera_nios2_gen2_irq.o)
 .debug_line    0x00000000000018fb       0xb3 ../entrega2_bsp//libhal_bsp.a(alt_exception_entry.o)
 .debug_line    0x00000000000019ae       0xb5 ../entrega2_bsp//libhal_bsp.a(alt_find_dev.o)
 .debug_line    0x0000000000001a63       0xd1 ../entrega2_bsp//libhal_bsp.a(alt_find_file.o)
 .debug_line    0x0000000000001b34       0xd4 ../entrega2_bsp//libhal_bsp.a(alt_get_fd.o)
 .debug_line    0x0000000000001c08       0x81 ../entrega2_bsp//libhal_bsp.a(alt_icache_flush.o)
 .debug_line    0x0000000000001c89       0xba ../entrega2_bsp//libhal_bsp.a(alt_instruction_exception_entry.o)
 .debug_line    0x0000000000001d43       0xe4 /home/labarqcomp/intelFPGA/18.1/nios2eds/bin/gnu/H-x86_64-pc-linux-gnu/bin/../lib/gcc/nios2-elf/5.3.0/../../../../../H-x86_64-pc-linux-gnu/nios2-elf/lib/libc.a(lib_a-atexit.o)
 .debug_line    0x0000000000001e27      0x1f9 /home/labarqcomp/intelFPGA/18.1/nios2eds/bin/gnu/H-x86_64-pc-linux-gnu/bin/../lib/gcc/nios2-elf/5.3.0/../../../../../H-x86_64-pc-linux-gnu/nios2-elf/lib/libc.a(lib_a-exit.o)
 .debug_line    0x0000000000002020      0x15d /home/labarqcomp/intelFPGA/18.1/nios2eds/bin/gnu/H-x86_64-pc-linux-gnu/bin/../lib/gcc/nios2-elf/5.3.0/../../../../../H-x86_64-pc-linux-gnu/nios2-elf/lib/libc.a(lib_a-impure.o)
 .debug_line    0x000000000000217d       0x5c /home/labarqcomp/intelFPGA/18.1/nios2eds/bin/gnu/H-x86_64-pc-linux-gnu/bin/../lib/gcc/nios2-elf/5.3.0/../../../../../H-x86_64-pc-linux-gnu/nios2-elf/lib/libc.a(lib_a-int_errno.o)
 .debug_line    0x00000000000021d9      0x173 /home/labarqcomp/intelFPGA/18.1/nios2eds/bin/gnu/H-x86_64-pc-linux-gnu/bin/../lib/gcc/nios2-elf/5.3.0/../../../../../H-x86_64-pc-linux-gnu/nios2-elf/lib/libc.a(lib_a-memcmp.o)
 .debug_line    0x000000000000234c      0x189 /home/labarqcomp/intelFPGA/18.1/nios2eds/bin/gnu/H-x86_64-pc-linux-gnu/bin/../lib/gcc/nios2-elf/5.3.0/../../../../../H-x86_64-pc-linux-gnu/nios2-elf/lib/libc.a(lib_a-memcpy.o)
 .debug_line    0x00000000000024d5      0x16c /home/labarqcomp/intelFPGA/18.1/nios2eds/bin/gnu/H-x86_64-pc-linux-gnu/bin/../lib/gcc/nios2-elf/5.3.0/../../../../../H-x86_64-pc-linux-gnu/nios2-elf/lib/libc.a(lib_a-strlen.o)
 .debug_line    0x0000000000002641      0x21c /home/labarqcomp/intelFPGA/18.1/nios2eds/bin/gnu/H-x86_64-pc-linux-gnu/bin/../lib/gcc/nios2-elf/5.3.0/../../../../../H-x86_64-pc-linux-gnu/nios2-elf/lib/libc.a(lib_a-__atexit.o)
 .debug_line    0x000000000000285d      0x237 /home/labarqcomp/intelFPGA/18.1/nios2eds/bin/gnu/H-x86_64-pc-linux-gnu/bin/../lib/gcc/nios2-elf/5.3.0/../../../../../H-x86_64-pc-linux-gnu/nios2-elf/lib/libc.a(lib_a-__call_atexit.o)
 .debug_line    0x0000000000002a94      0x102 /home/labarqcomp/intelFPGA/18.1/nios2eds/bin/gnu/H-x86_64-pc-linux-gnu/bin/../lib/gcc/nios2-elf/5.3.0/libgcc.a(lib2-divmod.o)
 .debug_line    0x0000000000002b96       0x71 ../entrega2_bsp//libhal_bsp.a(alt_exit.o)

.debug_frame    0x0000000000000000      0xb84
 *(.debug_frame)
 .debug_frame   0x0000000000000000       0x50 obj/default/hello_world.o
 .debug_frame   0x0000000000000050       0x5c ../entrega2_bsp//libhal_bsp.a(alt_load.o)
 .debug_frame   0x00000000000000ac       0x2c ../entrega2_bsp//libhal_bsp.a(alt_main.o)
 .debug_frame   0x00000000000000d8       0x38 ../entrega2_bsp//libhal_bsp.a(alt_usleep.o)
 .debug_frame   0x0000000000000110       0x88 ../entrega2_bsp//libhal_bsp.a(alt_sys_init.o)
 .debug_frame   0x0000000000000198       0xb0 ../entrega2_bsp//libhal_bsp.a(altera_avalon_jtag_uart_fd.o)
 .debug_frame   0x0000000000000248       0xa4 ../entrega2_bsp//libhal_bsp.a(altera_avalon_jtag_uart_init.o)
 .debug_frame   0x00000000000002ec       0x34 ../entrega2_bsp//libhal_bsp.a(altera_avalon_jtag_uart_ioctl.o)
 .debug_frame   0x0000000000000320       0x38 ../entrega2_bsp//libhal_bsp.a(altera_avalon_jtag_uart_read.o)
 .debug_frame   0x0000000000000358       0x38 ../entrega2_bsp//libhal_bsp.a(altera_avalon_jtag_uart_write.o)
 .debug_frame   0x0000000000000390       0x34 ../entrega2_bsp//libhal_bsp.a(alt_alarm_start.o)
 .debug_frame   0x00000000000003c4       0x38 ../entrega2_bsp//libhal_bsp.a(alt_busy_sleep.o)
 .debug_frame   0x00000000000003fc       0x60 ../entrega2_bsp//libhal_bsp.a(alt_close.o)
 .debug_frame   0x000000000000045c       0x34 ../entrega2_bsp//libhal_bsp.a(alt_dcache_flush_all.o)
 .debug_frame   0x0000000000000490       0x34 ../entrega2_bsp//libhal_bsp.a(alt_dev.o)
 .debug_frame   0x00000000000004c4       0x60 ../entrega2_bsp//libhal_bsp.a(alt_dev_llist_insert.o)
 .debug_frame   0x0000000000000524       0x38 ../entrega2_bsp//libhal_bsp.a(alt_do_ctors.o)
 .debug_frame   0x000000000000055c       0x38 ../entrega2_bsp//libhal_bsp.a(alt_do_dtors.o)
 .debug_frame   0x0000000000000594       0x38 ../entrega2_bsp//libhal_bsp.a(alt_icache_flush_all.o)
 .debug_frame   0x00000000000005cc       0xa4 ../entrega2_bsp//libhal_bsp.a(alt_iic.o)
 .debug_frame   0x0000000000000670       0x38 ../entrega2_bsp//libhal_bsp.a(alt_iic_isr_register.o)
 .debug_frame   0x00000000000006a8       0x60 ../entrega2_bsp//libhal_bsp.a(alt_io_redirect.o)
 .debug_frame   0x0000000000000708       0x38 ../entrega2_bsp//libhal_bsp.a(alt_irq_handler.o)
 .debug_frame   0x0000000000000740       0x84 ../entrega2_bsp//libhal_bsp.a(alt_open.o)
 .debug_frame   0x00000000000007c4       0x34 ../entrega2_bsp//libhal_bsp.a(alt_release_fd.o)
 .debug_frame   0x00000000000007f8       0x5c ../entrega2_bsp//libhal_bsp.a(alt_tick.o)
 .debug_frame   0x0000000000000854       0x34 ../entrega2_bsp//libhal_bsp.a(altera_nios2_gen2_irq.o)
 .debug_frame   0x0000000000000888       0x38 ../entrega2_bsp//libhal_bsp.a(alt_find_dev.o)
 .debug_frame   0x00000000000008c0       0x38 ../entrega2_bsp//libhal_bsp.a(alt_find_file.o)
 .debug_frame   0x00000000000008f8       0x34 ../entrega2_bsp//libhal_bsp.a(alt_get_fd.o)
 .debug_frame   0x000000000000092c       0x34 ../entrega2_bsp//libhal_bsp.a(alt_icache_flush.o)
 .debug_frame   0x0000000000000960       0x5c ../entrega2_bsp//libhal_bsp.a(alt_instruction_exception_entry.o)
 .debug_frame   0x00000000000009bc       0x20 /home/labarqcomp/intelFPGA/18.1/nios2eds/bin/gnu/H-x86_64-pc-linux-gnu/bin/../lib/gcc/nios2-elf/5.3.0/../../../../../H-x86_64-pc-linux-gnu/nios2-elf/lib/libc.a(lib_a-atexit.o)
 .debug_frame   0x00000000000009dc       0x28 /home/labarqcomp/intelFPGA/18.1/nios2eds/bin/gnu/H-x86_64-pc-linux-gnu/bin/../lib/gcc/nios2-elf/5.3.0/../../../../../H-x86_64-pc-linux-gnu/nios2-elf/lib/libc.a(lib_a-exit.o)
 .debug_frame   0x0000000000000a04       0x20 /home/labarqcomp/intelFPGA/18.1/nios2eds/bin/gnu/H-x86_64-pc-linux-gnu/bin/../lib/gcc/nios2-elf/5.3.0/../../../../../H-x86_64-pc-linux-gnu/nios2-elf/lib/libc.a(lib_a-memcmp.o)
 .debug_frame   0x0000000000000a24       0x38 /home/labarqcomp/intelFPGA/18.1/nios2eds/bin/gnu/H-x86_64-pc-linux-gnu/bin/../lib/gcc/nios2-elf/5.3.0/../../../../../H-x86_64-pc-linux-gnu/nios2-elf/lib/libc.a(lib_a-memcpy.o)
 .debug_frame   0x0000000000000a5c       0x20 /home/labarqcomp/intelFPGA/18.1/nios2eds/bin/gnu/H-x86_64-pc-linux-gnu/bin/../lib/gcc/nios2-elf/5.3.0/../../../../../H-x86_64-pc-linux-gnu/nios2-elf/lib/libc.a(lib_a-strlen.o)
 .debug_frame   0x0000000000000a7c       0x38 /home/labarqcomp/intelFPGA/18.1/nios2eds/bin/gnu/H-x86_64-pc-linux-gnu/bin/../lib/gcc/nios2-elf/5.3.0/../../../../../H-x86_64-pc-linux-gnu/nios2-elf/lib/libc.a(lib_a-__atexit.o)
 .debug_frame   0x0000000000000ab4       0x54 /home/labarqcomp/intelFPGA/18.1/nios2eds/bin/gnu/H-x86_64-pc-linux-gnu/bin/../lib/gcc/nios2-elf/5.3.0/../../../../../H-x86_64-pc-linux-gnu/nios2-elf/lib/libc.a(lib_a-__call_atexit.o)
 .debug_frame   0x0000000000000b08       0x50 /home/labarqcomp/intelFPGA/18.1/nios2eds/bin/gnu/H-x86_64-pc-linux-gnu/bin/../lib/gcc/nios2-elf/5.3.0/libgcc.a(lib2-divmod.o)
 .debug_frame   0x0000000000000b58       0x2c ../entrega2_bsp//libhal_bsp.a(alt_exit.o)

.debug_str      0x0000000000000000     0x1c04
 *(.debug_str)
 .debug_str     0x0000000000000000      0x11d obj/default/hello_world.o
                                        0x15b (size before relaxing)
 .debug_str     0x000000000000011d      0x145 ../entrega2_bsp//libhal_bsp.a(alt_load.o)
                                        0x229 (size before relaxing)
 .debug_str     0x0000000000000262       0x70 ../entrega2_bsp//libhal_bsp.a(alt_main.o)
                                        0x1b4 (size before relaxing)
 .debug_str     0x00000000000002d2       0x20 ../entrega2_bsp//libhal_bsp.a(alt_usleep.o)
                                        0x15f (size before relaxing)
 .debug_str     0x00000000000002f2      0x19b ../entrega2_bsp//libhal_bsp.a(alt_sys_init.o)
                                        0x36f (size before relaxing)
 .debug_str     0x000000000000048d       0xb9 ../entrega2_bsp//libhal_bsp.a(altera_avalon_jtag_uart_fd.o)
                                        0x3bb (size before relaxing)
 .debug_str     0x0000000000000546       0xd1 ../entrega2_bsp//libhal_bsp.a(altera_avalon_jtag_uart_init.o)
                                        0x34f (size before relaxing)
 .debug_str     0x0000000000000617       0x4a ../entrega2_bsp//libhal_bsp.a(altera_avalon_jtag_uart_ioctl.o)
                                        0x2aa (size before relaxing)
 .debug_str     0x0000000000000661       0x7f ../entrega2_bsp//libhal_bsp.a(altera_avalon_jtag_uart_read.o)
                                        0x2ff (size before relaxing)
 .debug_str     0x00000000000006e0       0x4a ../entrega2_bsp//libhal_bsp.a(altera_avalon_jtag_uart_write.o)
                                        0x300 (size before relaxing)
 .debug_str     0x000000000000072a       0x59 ../entrega2_bsp//libhal_bsp.a(alt_alarm_start.o)
                                        0x295 (size before relaxing)
 .debug_str     0x0000000000000783       0x42 ../entrega2_bsp//libhal_bsp.a(alt_busy_sleep.o)
                                        0x182 (size before relaxing)
 .debug_str     0x00000000000007c5       0x44 ../entrega2_bsp//libhal_bsp.a(alt_close.o)
                                        0x222 (size before relaxing)
 .debug_str     0x0000000000000809       0x34 ../entrega2_bsp//libhal_bsp.a(alt_dcache_flush_all.o)
                                        0x16c (size before relaxing)
 .debug_str     0x000000000000083d      0x120 ../entrega2_bsp//libhal_bsp.a(alt_dev.o)
                                        0x31c (size before relaxing)
 .debug_str     0x000000000000095d       0x34 ../entrega2_bsp//libhal_bsp.a(alt_dev_llist_insert.o)
                                        0x1e3 (size before relaxing)
 .debug_str     0x0000000000000991       0x48 ../entrega2_bsp//libhal_bsp.a(alt_do_ctors.o)
                                         0xe7 (size before relaxing)
 .debug_str     0x00000000000009d9       0x4c ../entrega2_bsp//libhal_bsp.a(alt_do_dtors.o)
                                         0xe6 (size before relaxing)
 .debug_str     0x0000000000000a25       0x14 ../entrega2_bsp//libhal_bsp.a(alt_errno.o)
                                        0x15c (size before relaxing)
 .debug_str     0x0000000000000a39       0x34 ../entrega2_bsp//libhal_bsp.a(alt_icache_flush_all.o)
                                        0x16c (size before relaxing)
 .debug_str     0x0000000000000a6d       0xc4 ../entrega2_bsp//libhal_bsp.a(alt_iic.o)
                                        0x255 (size before relaxing)
 .debug_str     0x0000000000000b31       0x4c ../entrega2_bsp//libhal_bsp.a(alt_iic_isr_register.o)
                                        0x1ff (size before relaxing)
 .debug_str     0x0000000000000b7d       0x56 ../entrega2_bsp//libhal_bsp.a(alt_io_redirect.o)
                                        0x32d (size before relaxing)
 .debug_str     0x0000000000000bd3       0x3a ../entrega2_bsp//libhal_bsp.a(alt_irq_handler.o)
                                        0x1ae (size before relaxing)
 .debug_str     0x0000000000000c0d       0x17 ../entrega2_bsp//libhal_bsp.a(alt_irq_vars.o)
                                        0x151 (size before relaxing)
 .debug_str     0x0000000000000c24       0x2f ../entrega2_bsp//libhal_bsp.a(alt_open.o)
                                        0x262 (size before relaxing)
 .debug_str     0x0000000000000c53       0x28 ../entrega2_bsp//libhal_bsp.a(alt_release_fd.o)
                                        0x1ea (size before relaxing)
 .debug_str     0x0000000000000c7b       0x4a ../entrega2_bsp//libhal_bsp.a(alt_tick.o)
                                        0x269 (size before relaxing)
 .debug_str     0x0000000000000cc5       0x3b ../entrega2_bsp//libhal_bsp.a(altera_nios2_gen2_irq.o)
                                        0x173 (size before relaxing)
 .debug_str     0x0000000000000d00       0x24 ../entrega2_bsp//libhal_bsp.a(alt_find_dev.o)
                                        0x203 (size before relaxing)
 .debug_str     0x0000000000000d24       0x26 ../entrega2_bsp//libhal_bsp.a(alt_find_file.o)
                                        0x211 (size before relaxing)
 .debug_str     0x0000000000000d4a       0x30 ../entrega2_bsp//libhal_bsp.a(alt_get_fd.o)
                                        0x233 (size before relaxing)
 .debug_str     0x0000000000000d7a       0x2c ../entrega2_bsp//libhal_bsp.a(alt_icache_flush.o)
                                        0x172 (size before relaxing)
 .debug_str     0x0000000000000da6      0x48b ../entrega2_bsp//libhal_bsp.a(alt_instruction_exception_entry.o)
                                        0x5b7 (size before relaxing)
 .debug_str     0x0000000000001231      0x163 /home/labarqcomp/intelFPGA/18.1/nios2eds/bin/gnu/H-x86_64-pc-linux-gnu/bin/../lib/gcc/nios2-elf/5.3.0/../../../../../H-x86_64-pc-linux-gnu/nios2-elf/lib/libc.a(lib_a-atexit.o)
                                        0x208 (size before relaxing)
 .debug_str     0x0000000000001394      0x3b2 /home/labarqcomp/intelFPGA/18.1/nios2eds/bin/gnu/H-x86_64-pc-linux-gnu/bin/../lib/gcc/nios2-elf/5.3.0/../../../../../H-x86_64-pc-linux-gnu/nios2-elf/lib/libc.a(lib_a-exit.o)
                                        0x5a5 (size before relaxing)
 .debug_str     0x0000000000001746       0xc9 /home/labarqcomp/intelFPGA/18.1/nios2eds/bin/gnu/H-x86_64-pc-linux-gnu/bin/../lib/gcc/nios2-elf/5.3.0/../../../../../H-x86_64-pc-linux-gnu/nios2-elf/lib/libc.a(lib_a-impure.o)
                                        0x59c (size before relaxing)
 .debug_str     0x000000000000180f       0x3c /home/labarqcomp/intelFPGA/18.1/nios2eds/bin/gnu/H-x86_64-pc-linux-gnu/bin/../lib/gcc/nios2-elf/5.3.0/../../../../../H-x86_64-pc-linux-gnu/nios2-elf/lib/libc.a(lib_a-int_errno.o)
                                        0x1c4 (size before relaxing)
 .debug_str     0x000000000000184b       0xcd /home/labarqcomp/intelFPGA/18.1/nios2eds/bin/gnu/H-x86_64-pc-linux-gnu/bin/../lib/gcc/nios2-elf/5.3.0/../../../../../H-x86_64-pc-linux-gnu/nios2-elf/lib/libc.a(lib_a-memcmp.o)
                                        0x1cb (size before relaxing)
 .debug_str     0x0000000000001918       0x68 /home/labarqcomp/intelFPGA/18.1/nios2eds/bin/gnu/H-x86_64-pc-linux-gnu/bin/../lib/gcc/nios2-elf/5.3.0/../../../../../H-x86_64-pc-linux-gnu/nios2-elf/lib/libc.a(lib_a-memcpy.o)
                                        0x1f2 (size before relaxing)
 .debug_str     0x0000000000001980       0x4e /home/labarqcomp/intelFPGA/18.1/nios2eds/bin/gnu/H-x86_64-pc-linux-gnu/bin/../lib/gcc/nios2-elf/5.3.0/../../../../../H-x86_64-pc-linux-gnu/nios2-elf/lib/libc.a(lib_a-strlen.o)
                                        0x1de (size before relaxing)
 .debug_str     0x00000000000019ce       0x3c /home/labarqcomp/intelFPGA/18.1/nios2eds/bin/gnu/H-x86_64-pc-linux-gnu/bin/../lib/gcc/nios2-elf/5.3.0/../../../../../H-x86_64-pc-linux-gnu/nios2-elf/lib/libc.a(lib_a-__atexit.o)
                                        0x5dd (size before relaxing)
 .debug_str     0x0000000000001a0a       0x62 /home/labarqcomp/intelFPGA/18.1/nios2eds/bin/gnu/H-x86_64-pc-linux-gnu/bin/../lib/gcc/nios2-elf/5.3.0/../../../../../H-x86_64-pc-linux-gnu/nios2-elf/lib/libc.a(lib_a-__call_atexit.o)
                                        0x5c9 (size before relaxing)
 .debug_str     0x0000000000001a6c      0x16e /home/labarqcomp/intelFPGA/18.1/nios2eds/bin/gnu/H-x86_64-pc-linux-gnu/bin/../lib/gcc/nios2-elf/5.3.0/libgcc.a(lib2-divmod.o)
                                        0x1b9 (size before relaxing)
 .debug_str     0x0000000000001bda       0x2a ../entrega2_bsp//libhal_bsp.a(alt_exit.o)
                                        0x168 (size before relaxing)

.debug_loc      0x0000000000000000      0xc3e
 *(.debug_loc)
 .debug_loc     0x0000000000000000       0x2c /home/labarqcomp/intelFPGA/18.1/nios2eds/bin/gnu/H-x86_64-pc-linux-gnu/bin/../lib/gcc/nios2-elf/5.3.0/../../../../../H-x86_64-pc-linux-gnu/nios2-elf/lib/libc.a(lib_a-atexit.o)
 .debug_loc     0x000000000000002c       0x1e /home/labarqcomp/intelFPGA/18.1/nios2eds/bin/gnu/H-x86_64-pc-linux-gnu/bin/../lib/gcc/nios2-elf/5.3.0/../../../../../H-x86_64-pc-linux-gnu/nios2-elf/lib/libc.a(lib_a-exit.o)
 .debug_loc     0x000000000000004a      0x126 /home/labarqcomp/intelFPGA/18.1/nios2eds/bin/gnu/H-x86_64-pc-linux-gnu/bin/../lib/gcc/nios2-elf/5.3.0/../../../../../H-x86_64-pc-linux-gnu/nios2-elf/lib/libc.a(lib_a-memcmp.o)
 .debug_loc     0x0000000000000170      0x266 /home/labarqcomp/intelFPGA/18.1/nios2eds/bin/gnu/H-x86_64-pc-linux-gnu/bin/../lib/gcc/nios2-elf/5.3.0/../../../../../H-x86_64-pc-linux-gnu/nios2-elf/lib/libc.a(lib_a-memcpy.o)
 .debug_loc     0x00000000000003d6       0x47 /home/labarqcomp/intelFPGA/18.1/nios2eds/bin/gnu/H-x86_64-pc-linux-gnu/bin/../lib/gcc/nios2-elf/5.3.0/../../../../../H-x86_64-pc-linux-gnu/nios2-elf/lib/libc.a(lib_a-strlen.o)
 .debug_loc     0x000000000000041d      0x185 /home/labarqcomp/intelFPGA/18.1/nios2eds/bin/gnu/H-x86_64-pc-linux-gnu/bin/../lib/gcc/nios2-elf/5.3.0/../../../../../H-x86_64-pc-linux-gnu/nios2-elf/lib/libc.a(lib_a-__atexit.o)
 .debug_loc     0x00000000000005a2      0x1ce /home/labarqcomp/intelFPGA/18.1/nios2eds/bin/gnu/H-x86_64-pc-linux-gnu/bin/../lib/gcc/nios2-elf/5.3.0/../../../../../H-x86_64-pc-linux-gnu/nios2-elf/lib/libc.a(lib_a-__call_atexit.o)
 .debug_loc     0x0000000000000770      0x4ce /home/labarqcomp/intelFPGA/18.1/nios2eds/bin/gnu/H-x86_64-pc-linux-gnu/bin/../lib/gcc/nios2-elf/5.3.0/libgcc.a(lib2-divmod.o)

.debug_macinfo
 *(.debug_macinfo)

.debug_weaknames
 *(.debug_weaknames)

.debug_funcnames
 *(.debug_funcnames)

.debug_typenames
 *(.debug_typenames)

.debug_varnames
 *(.debug_varnames)

.debug_alt_sim_info
                0x0000000000000000       0x60
 *(.debug_alt_sim_info)
 .debug_alt_sim_info
                0x0000000000000000       0x30 ../entrega2_bsp//obj/HAL/src/crt0.o
 .debug_alt_sim_info
                0x0000000000000030       0x30 ../entrega2_bsp//libhal_bsp.a(alt_busy_sleep.o)
                0x000000000003f400                __alt_data_end = 0x3f400
                0x000000000003f400                PROVIDE (__alt_stack_pointer, __alt_data_end)
                [!provide]                        PROVIDE (__alt_stack_limit, __alt_stack_base)
                [!provide]                        PROVIDE (__alt_heap_start, end)
                [!provide]                        PROVIDE (__alt_heap_limit, 0x3f400)
OUTPUT(entrega2.elf elf32-littlenios2)

.debug_ranges   0x0000000000000000      0x1d8
 .debug_ranges  0x0000000000000000       0x20 ../entrega2_bsp//obj/HAL/src/crt0.o
 .debug_ranges  0x0000000000000020       0x30 ../entrega2_bsp//libhal_bsp.a(altera_avalon_jtag_uart_init.o)
 .debug_ranges  0x0000000000000050       0x18 ../entrega2_bsp//libhal_bsp.a(altera_avalon_jtag_uart_read.o)
 .debug_ranges  0x0000000000000068       0x28 ../entrega2_bsp//libhal_bsp.a(alt_irq_entry.o)
 .debug_ranges  0x0000000000000090       0x10 ../entrega2_bsp//libhal_bsp.a(alt_irq_handler.o)
 .debug_ranges  0x00000000000000a0       0x30 ../entrega2_bsp//libhal_bsp.a(alt_exception_entry.o)
 .debug_ranges  0x00000000000000d0       0x18 ../entrega2_bsp//libhal_bsp.a(alt_instruction_exception_entry.o)
 .debug_ranges  0x00000000000000e8       0x10 /home/labarqcomp/intelFPGA/18.1/nios2eds/bin/gnu/H-x86_64-pc-linux-gnu/bin/../lib/gcc/nios2-elf/5.3.0/../../../../../H-x86_64-pc-linux-gnu/nios2-elf/lib/libc.a(lib_a-atexit.o)
 .debug_ranges  0x00000000000000f8       0x10 /home/labarqcomp/intelFPGA/18.1/nios2eds/bin/gnu/H-x86_64-pc-linux-gnu/bin/../lib/gcc/nios2-elf/5.3.0/../../../../../H-x86_64-pc-linux-gnu/nios2-elf/lib/libc.a(lib_a-exit.o)
 .debug_ranges  0x0000000000000108       0x10 /home/labarqcomp/intelFPGA/18.1/nios2eds/bin/gnu/H-x86_64-pc-linux-gnu/bin/../lib/gcc/nios2-elf/5.3.0/../../../../../H-x86_64-pc-linux-gnu/nios2-elf/lib/libc.a(lib_a-memcmp.o)
 .debug_ranges  0x0000000000000118       0x10 /home/labarqcomp/intelFPGA/18.1/nios2eds/bin/gnu/H-x86_64-pc-linux-gnu/bin/../lib/gcc/nios2-elf/5.3.0/../../../../../H-x86_64-pc-linux-gnu/nios2-elf/lib/libc.a(lib_a-memcpy.o)
 .debug_ranges  0x0000000000000128       0x10 /home/labarqcomp/intelFPGA/18.1/nios2eds/bin/gnu/H-x86_64-pc-linux-gnu/bin/../lib/gcc/nios2-elf/5.3.0/../../../../../H-x86_64-pc-linux-gnu/nios2-elf/lib/libc.a(lib_a-strlen.o)
 .debug_ranges  0x0000000000000138       0x10 /home/labarqcomp/intelFPGA/18.1/nios2eds/bin/gnu/H-x86_64-pc-linux-gnu/bin/../lib/gcc/nios2-elf/5.3.0/../../../../../H-x86_64-pc-linux-gnu/nios2-elf/lib/libc.a(lib_a-__atexit.o)
 .debug_ranges  0x0000000000000148       0x30 /home/labarqcomp/intelFPGA/18.1/nios2eds/bin/gnu/H-x86_64-pc-linux-gnu/bin/../lib/gcc/nios2-elf/5.3.0/../../../../../H-x86_64-pc-linux-gnu/nios2-elf/lib/libc.a(lib_a-__call_atexit.o)
 .debug_ranges  0x0000000000000178       0x60 /home/labarqcomp/intelFPGA/18.1/nios2eds/bin/gnu/H-x86_64-pc-linux-gnu/bin/../lib/gcc/nios2-elf/5.3.0/libgcc.a(lib2-divmod.o)
